dear_imgui-widgets.adb:2:01: (style) multiple blank lines [-gnatyu]
dear_imgui-widgets.adb:8:01: (style) multiple blank lines [-gnatyu]
dear_imgui-widgets.adb:11:01: (style) horizontal tab not allowed [-gnatyh]
dear_imgui-widgets.adb:12:01: (style) horizontal tab not allowed [-gnatyh]
dear_imgui-widgets.adb:13:01: (style) horizontal tab not allowed [-gnatyh]
dear_imgui-widgets.adb:14:01: (style) horizontal tab not allowed [-gnatyh]
dear_imgui-widgets.adb:15:01: (style) horizontal tab not allowed [-gnatyh]
dear_imgui-widgets.adb:16:01: (style) horizontal tab not allowed [-gnatyh]
dear_imgui-widgets.adb:18:01: (style) horizontal tab not allowed [-gnatyh]
dear_imgui-widgets.adb:20:01: (style) horizontal tab not allowed [-gnatyh]
dear_imgui-widgets.adb:22:01: (style) horizontal tab not allowed [-gnatyh]
dear_imgui-widgets.adb:23:01: (style) multiple blank lines [-gnatyu]
dear_imgui-widgets.adb:25:01: (style) horizontal tab not allowed [-gnatyh]
dear_imgui-widgets.adb:26:01: (style) horizontal tab not allowed [-gnatyh]
dear_imgui-widgets.adb:27:01: (style) horizontal tab not allowed [-gnatyh]
dear_imgui-widgets.adb:28:01: (style) horizontal tab not allowed [-gnatyh]
dear_imgui-widgets.adb:29:01: (style) horizontal tab not allowed [-gnatyh]
dear_imgui-widgets.adb:31:01: (style) horizontal tab not allowed [-gnatyh]
dear_imgui-widgets.adb:33:01: (style) horizontal tab not allowed [-gnatyh]
dear_imgui-widgets.adb:35:01: (style) horizontal tab not allowed [-gnatyh]
dear_imgui-widgets.adb:37:01: (style) horizontal tab not allowed [-gnatyh]
dear_imgui-widgets.adb:38:01: (style) horizontal tab not allowed [-gnatyh]
dear_imgui-widgets.adb:39:01: (style) horizontal tab not allowed [-gnatyh]
dear_imgui-widgets.adb:40:01: (style) horizontal tab not allowed [-gnatyh]
dear_imgui-widgets.adb:41:01: (style) horizontal tab not allowed [-gnatyh]
dear_imgui-widgets.adb:42:01: (style) horizontal tab not allowed [-gnatyh]
dear_imgui-widgets.adb:44:01: (style) horizontal tab not allowed [-gnatyh]
dear_imgui-widgets.adb:46:01: (style) horizontal tab not allowed [-gnatyh]
dear_imgui-widgets.adb:48:01: (style) horizontal tab not allowed [-gnatyh]
dear_imgui-widgets.adb:50:01: (style) horizontal tab not allowed [-gnatyh]
dear_imgui-widgets.adb:51:01: (style) horizontal tab not allowed [-gnatyh]
dear_imgui-widgets.adb:52:01: (style) horizontal tab not allowed [-gnatyh]
dear_imgui-widgets.adb:53:01: (style) horizontal tab not allowed [-gnatyh]
dear_imgui-widgets.adb:54:01: (style) horizontal tab not allowed [-gnatyh]
dear_imgui-widgets.adb:56:01: (style) horizontal tab not allowed [-gnatyh]
dear_imgui-widgets.adb:58:01: (style) horizontal tab not allowed [-gnatyh]
dear_imgui-widgets.adb:60:01: (style) horizontal tab not allowed [-gnatyh]
dear_imgui-widgets.adb:61:01: (style) horizontal tab not allowed [-gnatyh]
dear_imgui-widgets.adb:62:01: (style) horizontal tab not allowed [-gnatyh]
dear_imgui-widgets.adb:63:01: (style) horizontal tab not allowed [-gnatyh]
dear_imgui-widgets.adb:64:01: (style) horizontal tab not allowed [-gnatyh]
dear_imgui-widgets.adb:65:01: (style) horizontal tab not allowed [-gnatyh]
dear_imgui-widgets.adb:67:01: (style) horizontal tab not allowed [-gnatyh]
dear_imgui-widgets.adb:69:01: (style) horizontal tab not allowed [-gnatyh]
dear_imgui-widgets.adb:71:01: (style) horizontal tab not allowed [-gnatyh]
dear_imgui-widgets.adb:73:01: (style) horizontal tab not allowed [-gnatyh]
dear_imgui-widgets.adb:74:01: (style) horizontal tab not allowed [-gnatyh]
dear_imgui-widgets.adb:75:01: (style) horizontal tab not allowed [-gnatyh]
dear_imgui-widgets.adb:76:01: (style) horizontal tab not allowed [-gnatyh]
dear_imgui-widgets.adb:77:01: (style) horizontal tab not allowed [-gnatyh]
dear_imgui-widgets.adb:79:01: (style) horizontal tab not allowed [-gnatyh]
dear_imgui-widgets.adb:80:01: (style) horizontal tab not allowed [-gnatyh]
dear_imgui-widgets.adb:82:01: (style) horizontal tab not allowed [-gnatyh]
dear_imgui-widgets.adb:84:01: (style) horizontal tab not allowed [-gnatyh]
dear_imgui-widgets.adb:86:01: (style) horizontal tab not allowed [-gnatyh]
dear_imgui-widgets.adb:88:01: (style) horizontal tab not allowed [-gnatyh]
dear_imgui-widgets.adb:90:01: (style) horizontal tab not allowed [-gnatyh]
dear_imgui-widgets.adb:91:01: (style) horizontal tab not allowed [-gnatyh]
dear_imgui-widgets.adb:92:01: (style) horizontal tab not allowed [-gnatyh]
dear_imgui-widgets.adb:93:01: (style) horizontal tab not allowed [-gnatyh]
dear_imgui-widgets.adb:94:01: (style) horizontal tab not allowed [-gnatyh]
dear_imgui-widgets.adb:96:01: (style) horizontal tab not allowed [-gnatyh]
dear_imgui-widgets.adb:98:01: (style) horizontal tab not allowed [-gnatyh]
dear_imgui-widgets.adb:100:01: (style) horizontal tab not allowed [-gnatyh]
dear_imgui-widgets.adb:102:01: (style) horizontal tab not allowed [-gnatyh]
dear_imgui-widgets.adb:104:01: (style) horizontal tab not allowed [-gnatyh]
dear_imgui-widgets.adb:105:01: (style) horizontal tab not allowed [-gnatyh]
dear_imgui-widgets.adb:106:01: (style) horizontal tab not allowed [-gnatyh]
dear_imgui-widgets.adb:107:01: (style) horizontal tab not allowed [-gnatyh]
dear_imgui-widgets.adb:108:01: (style) horizontal tab not allowed [-gnatyh]
dear_imgui-widgets.adb:109:01: (style) horizontal tab not allowed [-gnatyh]
dear_imgui-widgets.adb:111:01: (style) horizontal tab not allowed [-gnatyh]
dear_imgui-widgets.adb:113:01: (style) horizontal tab not allowed [-gnatyh]
dear_imgui-widgets.adb:115:01: (style) horizontal tab not allowed [-gnatyh]
dear_imgui-widgets.adb:117:01: (style) horizontal tab not allowed [-gnatyh]
dear_imgui-widgets.adb:118:01: (style) horizontal tab not allowed [-gnatyh]
dear_imgui-widgets.adb:119:01: (style) horizontal tab not allowed [-gnatyh]
dear_imgui-widgets.adb:120:01: (style) horizontal tab not allowed [-gnatyh]
dear_imgui-widgets.adb:121:01: (style) horizontal tab not allowed [-gnatyh]
dear_imgui-widgets.adb:122:01: (style) horizontal tab not allowed [-gnatyh]
dear_imgui-widgets.adb:124:01: (style) horizontal tab not allowed [-gnatyh]
dear_imgui-widgets.adb:125:01: (style) horizontal tab not allowed [-gnatyh]
dear_imgui-widgets.adb:127:01: (style) horizontal tab not allowed [-gnatyh]
dear_imgui-widgets.adb:129:01: (style) horizontal tab not allowed [-gnatyh]
dear_imgui-widgets.adb:131:01: (style) horizontal tab not allowed [-gnatyh]
dear_imgui-widgets.adb:133:01: (style) horizontal tab not allowed [-gnatyh]
dear_imgui-widgets.adb:135:01: (style) horizontal tab not allowed [-gnatyh]
dear_imgui-widgets.adb:136:01: (style) horizontal tab not allowed [-gnatyh]
dear_imgui-widgets.adb:137:01: (style) horizontal tab not allowed [-gnatyh]
dear_imgui-widgets.adb:138:01: (style) horizontal tab not allowed [-gnatyh]
dear_imgui-widgets.adb:139:01: (style) horizontal tab not allowed [-gnatyh]
dear_imgui-widgets.adb:140:01: (style) horizontal tab not allowed [-gnatyh]
dear_imgui-widgets.adb:142:01: (style) horizontal tab not allowed [-gnatyh]
dear_imgui-widgets.adb:144:01: (style) horizontal tab not allowed [-gnatyh]
dear_imgui-widgets.adb:146:01: (style) horizontal tab not allowed [-gnatyh]
dear_imgui-widgets.adb:148:01: (style) horizontal tab not allowed [-gnatyh]
dear_imgui-widgets.adb:150:01: (style) horizontal tab not allowed [-gnatyh]
dear_imgui-widgets.adb:151:01: (style) horizontal tab not allowed [-gnatyh]
dear_imgui-widgets.adb:152:01: (style) horizontal tab not allowed [-gnatyh]
dear_imgui-widgets.adb:153:01: (style) horizontal tab not allowed [-gnatyh]
dear_imgui-widgets.adb:154:01: (style) horizontal tab not allowed [-gnatyh]
dear_imgui-widgets.adb:155:01: (style) horizontal tab not allowed [-gnatyh]
dear_imgui-widgets.adb:156:01: (style) horizontal tab not allowed [-gnatyh]
dear_imgui-widgets.adb:157:01: (style) horizontal tab not allowed [-gnatyh]
dear_imgui-widgets.adb:158:01: (style) horizontal tab not allowed [-gnatyh]
dear_imgui-widgets.adb:159:01: (style) horizontal tab not allowed [-gnatyh]
dear_imgui-widgets.adb:161:01: (style) horizontal tab not allowed [-gnatyh]
dear_imgui-widgets.adb:163:01: (style) horizontal tab not allowed [-gnatyh]
dear_imgui-widgets.adb:165:01: (style) horizontal tab not allowed [-gnatyh]
dear_imgui-widgets.adb:167:01: (style) horizontal tab not allowed [-gnatyh]
dear_imgui-widgets.adb:168:01: (style) horizontal tab not allowed [-gnatyh]
dear_imgui-widgets.adb:169:01: (style) horizontal tab not allowed [-gnatyh]
dear_imgui-widgets.adb:171:01: (style) horizontal tab not allowed [-gnatyh]
dear_imgui-widgets.adb:172:01: (style) horizontal tab not allowed [-gnatyh]
dear_imgui-widgets.adb:173:01: (style) horizontal tab not allowed [-gnatyh]
dear_imgui-widgets.adb:174:01: (style) horizontal tab not allowed [-gnatyh]
dear_imgui-widgets.adb:175:01: (style) horizontal tab not allowed [-gnatyh]
dear_imgui-widgets.adb:176:01: (style) horizontal tab not allowed [-gnatyh]
dear_imgui-widgets.adb:177:01: (style) horizontal tab not allowed [-gnatyh]
dear_imgui-widgets.adb:178:01: (style) horizontal tab not allowed [-gnatyh]
dear_imgui-widgets.adb:180:01: (style) horizontal tab not allowed [-gnatyh]
dear_imgui-widgets.adb:182:01: (style) horizontal tab not allowed [-gnatyh]
dear_imgui-widgets.adb:183:01: (style) horizontal tab not allowed [-gnatyh]
dear_imgui-widgets.adb:184:01: (style) horizontal tab not allowed [-gnatyh]
dear_imgui-widgets.adb:185:01: (style) horizontal tab not allowed [-gnatyh]
dear_imgui-widgets.adb:186:01: (style) horizontal tab not allowed [-gnatyh]
dear_imgui-widgets.adb:187:01: (style) horizontal tab not allowed [-gnatyh]
dear_imgui-widgets.adb:188:01: (style) horizontal tab not allowed [-gnatyh]
dear_imgui-widgets.adb:189:01: (style) horizontal tab not allowed [-gnatyh]
dear_imgui-widgets.adb:191:01: (style) horizontal tab not allowed [-gnatyh]
dear_imgui-widgets.adb:193:01: (style) horizontal tab not allowed [-gnatyh]
dear_imgui-widgets.adb:195:01: (style) horizontal tab not allowed [-gnatyh]
dear_imgui-widgets.adb:197:01: (style) horizontal tab not allowed [-gnatyh]
dear_imgui-widgets.adb:199:01: (style) horizontal tab not allowed [-gnatyh]
dear_imgui-widgets.adb:200:01: (style) horizontal tab not allowed [-gnatyh]
dear_imgui-widgets.adb:201:01: (style) horizontal tab not allowed [-gnatyh]
dear_imgui-widgets.adb:202:01: (style) horizontal tab not allowed [-gnatyh]
dear_imgui-widgets.adb:203:01: (style) horizontal tab not allowed [-gnatyh]
dear_imgui-widgets.adb:204:01: (style) horizontal tab not allowed [-gnatyh]
dear_imgui-widgets.adb:205:01: (style) horizontal tab not allowed [-gnatyh]
dear_imgui-widgets.adb:206:01: (style) horizontal tab not allowed [-gnatyh]
dear_imgui-widgets.adb:207:01: (style) horizontal tab not allowed [-gnatyh]
dear_imgui-widgets.adb:209:01: (style) horizontal tab not allowed [-gnatyh]
dear_imgui-widgets.adb:211:01: (style) horizontal tab not allowed [-gnatyh]
dear_imgui-widgets.adb:213:01: (style) horizontal tab not allowed [-gnatyh]
dear_imgui-widgets.adb:215:01: (style) horizontal tab not allowed [-gnatyh]
dear_imgui-widgets.adb:216:01: (style) horizontal tab not allowed [-gnatyh]
dear_imgui-widgets.adb:217:01: (style) horizontal tab not allowed [-gnatyh]
dear_imgui-widgets.adb:218:01: (style) horizontal tab not allowed [-gnatyh]
dear_imgui-widgets.adb:219:01: (style) horizontal tab not allowed [-gnatyh]
dear_imgui-widgets.adb:220:01: (style) horizontal tab not allowed [-gnatyh]
dear_imgui-widgets.adb:222:01: (style) horizontal tab not allowed [-gnatyh]
dear_imgui-widgets.adb:224:01: (style) horizontal tab not allowed [-gnatyh]
dear_imgui-widgets.adb:226:01: (style) horizontal tab not allowed [-gnatyh]
dear_imgui-widgets.adb:228:01: (style) horizontal tab not allowed [-gnatyh]
dear_imgui-widgets.adb:230:01: (style) horizontal tab not allowed [-gnatyh]
dear_imgui-widgets.adb:231:01: (style) horizontal tab not allowed [-gnatyh]
dear_imgui-widgets.adb:232:01: (style) horizontal tab not allowed [-gnatyh]
dear_imgui-widgets.adb:233:01: (style) horizontal tab not allowed [-gnatyh]
dear_imgui-widgets.adb:234:01: (style) horizontal tab not allowed [-gnatyh]
dear_imgui-widgets.adb:235:01: (style) horizontal tab not allowed [-gnatyh]
dear_imgui-widgets.adb:236:01: (style) horizontal tab not allowed [-gnatyh]
dear_imgui-widgets.adb:238:01: (style) horizontal tab not allowed [-gnatyh]
dear_imgui-widgets.adb:240:01: (style) horizontal tab not allowed [-gnatyh]
dear_imgui-widgets.adb:242:01: (style) horizontal tab not allowed [-gnatyh]
dear_imgui-widgets.adb:244:01: (style) horizontal tab not allowed [-gnatyh]
dear_imgui-widgets.adb:245:01: (style) horizontal tab not allowed [-gnatyh]
dear_imgui-widgets.adb:246:01: (style) horizontal tab not allowed [-gnatyh]
dear_imgui-widgets.adb:247:01: (style) horizontal tab not allowed [-gnatyh]
dear_imgui-widgets.adb:248:01: (style) horizontal tab not allowed [-gnatyh]
dear_imgui-widgets.adb:249:01: (style) horizontal tab not allowed [-gnatyh]
dear_imgui-widgets.adb:251:01: (style) horizontal tab not allowed [-gnatyh]
dear_imgui-widgets.adb:253:01: (style) horizontal tab not allowed [-gnatyh]
dear_imgui-widgets.adb:255:01: (style) horizontal tab not allowed [-gnatyh]
dear_imgui-widgets.adb:257:01: (style) horizontal tab not allowed [-gnatyh]
dear_imgui-widgets.adb:259:01: (style) horizontal tab not allowed [-gnatyh]
dear_imgui-widgets.adb:260:01: (style) horizontal tab not allowed [-gnatyh]
dear_imgui-widgets.adb:261:01: (style) horizontal tab not allowed [-gnatyh]
dear_imgui-widgets.adb:262:01: (style) horizontal tab not allowed [-gnatyh]
dear_imgui-widgets.adb:263:01: (style) horizontal tab not allowed [-gnatyh]
dear_imgui-widgets.adb:265:01: (style) horizontal tab not allowed [-gnatyh]
dear_imgui-widgets.adb:267:01: (style) horizontal tab not allowed [-gnatyh]
dear_imgui-widgets.adb:269:01: (style) horizontal tab not allowed [-gnatyh]
dear_imgui-widgets.adb:271:01: (style) horizontal tab not allowed [-gnatyh]
dear_imgui-widgets.adb:273:01: (style) horizontal tab not allowed [-gnatyh]
dear_imgui-widgets.adb:274:01: (style) horizontal tab not allowed [-gnatyh]
dear_imgui-widgets.adb:275:01: (style) horizontal tab not allowed [-gnatyh]
dear_imgui-widgets.adb:277:01: (style) horizontal tab not allowed [-gnatyh]
dear_imgui-widgets.adb:279:01: (style) horizontal tab not allowed [-gnatyh]
dear_imgui-widgets.adb:281:01: (style) horizontal tab not allowed [-gnatyh]
dear_imgui-widgets.adb:283:01: (style) horizontal tab not allowed [-gnatyh]
dear_imgui-widgets.adb:285:01: (style) horizontal tab not allowed [-gnatyh]
dear_imgui-widgets.adb:286:01: (style) horizontal tab not allowed [-gnatyh]
dear_imgui-widgets.adb:287:01: (style) horizontal tab not allowed [-gnatyh]
dear_imgui-widgets.adb:288:01: (style) horizontal tab not allowed [-gnatyh]
dear_imgui-widgets.adb:288:41: (style) bad casing of "True" declared in Standard [-gnatyn]
dear_imgui-widgets.adb:289:01: (style) horizontal tab not allowed [-gnatyh]
dear_imgui-widgets.adb:290:01: (style) horizontal tab not allowed [-gnatyh]
dear_imgui-widgets.adb:292:01: (style) horizontal tab not allowed [-gnatyh]
dear_imgui-widgets.adb:294:01: (style) horizontal tab not allowed [-gnatyh]
dear_imgui-widgets.adb:296:01: (style) horizontal tab not allowed [-gnatyh]
dear_imgui-widgets.adb:298:01: (style) horizontal tab not allowed [-gnatyh]
dear_imgui-widgets.adb:299:01: (style) horizontal tab not allowed [-gnatyh]
dear_imgui-widgets.adb:300:01: (style) horizontal tab not allowed [-gnatyh]
dear_imgui-widgets.adb:302:01: (style) horizontal tab not allowed [-gnatyh]
dear_imgui-widgets.adb:304:01: (style) horizontal tab not allowed [-gnatyh]
dear_imgui-widgets.adb:306:01: (style) horizontal tab not allowed [-gnatyh]
dear_imgui-widgets.adb:308:01: (style) horizontal tab not allowed [-gnatyh]
dear_imgui-widgets.adb:309:01: (style) horizontal tab not allowed [-gnatyh]
dear_imgui-widgets.adb:310:01: (style) horizontal tab not allowed [-gnatyh]
dear_imgui-widgets.adb:311:01: (style) horizontal tab not allowed [-gnatyh]
dear_imgui-widgets.adb:311:42: (style) bad casing of "False" declared in Standard [-gnatyn]
dear_imgui-widgets.adb:312:01: (style) horizontal tab not allowed [-gnatyh]
dear_imgui-widgets.adb:312:42: (style) bad casing of "True" declared in Standard [-gnatyn]
dear_imgui-widgets.adb:313:01: (style) horizontal tab not allowed [-gnatyh]
dear_imgui-widgets.adb:314:01: (style) horizontal tab not allowed [-gnatyh]
dear_imgui-widgets.adb:316:01: (style) horizontal tab not allowed [-gnatyh]
dear_imgui-widgets.adb:318:01: (style) horizontal tab not allowed [-gnatyh]
dear_imgui-widgets.adb:320:01: (style) horizontal tab not allowed [-gnatyh]
dear_imgui-widgets.adb:322:01: (style) horizontal tab not allowed [-gnatyh]
dear_imgui-widgets.adb:323:01: (style) horizontal tab not allowed [-gnatyh]
dear_imgui-widgets.adb:324:01: (style) horizontal tab not allowed [-gnatyh]
dear_imgui-widgets.adb:325:01: (style) horizontal tab not allowed [-gnatyh]
dear_imgui-widgets.adb:326:01: (style) horizontal tab not allowed [-gnatyh]
dear_imgui-widgets.adb:326:46: (style) bad casing of "True" declared in Standard [-gnatyn]
dear_imgui-widgets.adb:327:01: (style) horizontal tab not allowed [-gnatyh]
dear_imgui-widgets.adb:329:01: (style) horizontal tab not allowed [-gnatyh]
dear_imgui-widgets.adb:330:01: (style) horizontal tab not allowed [-gnatyh]
dear_imgui-widgets.adb:332:01: (style) horizontal tab not allowed [-gnatyh]
dear_imgui-widgets.adb:334:01: (style) horizontal tab not allowed [-gnatyh]
dear_imgui-widgets.adb:336:01: (style) horizontal tab not allowed [-gnatyh]
dear_imgui-widgets.adb:338:01: (style) horizontal tab not allowed [-gnatyh]
dear_imgui-widgets.adb:340:01: (style) horizontal tab not allowed [-gnatyh]
dear_imgui-widgets.adb:341:01: (style) horizontal tab not allowed [-gnatyh]
dear_imgui-widgets.adb:342:01: (style) horizontal tab not allowed [-gnatyh]
dear_imgui-widgets.adb:343:01: (style) horizontal tab not allowed [-gnatyh]
dear_imgui-widgets.adb:344:01: (style) horizontal tab not allowed [-gnatyh]
dear_imgui-widgets.adb:344:46: (style) bad casing of "True" declared in Standard [-gnatyn]
dear_imgui-widgets.adb:345:01: (style) horizontal tab not allowed [-gnatyh]
dear_imgui-widgets.adb:347:01: (style) horizontal tab not allowed [-gnatyh]
dear_imgui-widgets.adb:349:01: (style) horizontal tab not allowed [-gnatyh]
dear_imgui-widgets.adb:351:01: (style) horizontal tab not allowed [-gnatyh]
dear_imgui-widgets.adb:353:01: (style) horizontal tab not allowed [-gnatyh]
dear_imgui-widgets.adb:355:01: (style) horizontal tab not allowed [-gnatyh]
dear_imgui-widgets.adb:356:01: (style) horizontal tab not allowed [-gnatyh]
dear_imgui-widgets.adb:357:01: (style) horizontal tab not allowed [-gnatyh]
dear_imgui-widgets.adb:358:01: (style) horizontal tab not allowed [-gnatyh]
dear_imgui-widgets.adb:359:01: (style) horizontal tab not allowed [-gnatyh]
dear_imgui-widgets.adb:360:01: (style) horizontal tab not allowed [-gnatyh]
dear_imgui-widgets.adb:361:01: (style) horizontal tab not allowed [-gnatyh]
dear_imgui-widgets.adb:362:01: (style) horizontal tab not allowed [-gnatyh]
dear_imgui-widgets.adb:364:01: (style) horizontal tab not allowed [-gnatyh]
dear_imgui-widgets.adb:366:01: (style) horizontal tab not allowed [-gnatyh]
dear_imgui-widgets.adb:368:01: (style) horizontal tab not allowed [-gnatyh]
dear_imgui-widgets.adb:370:01: (style) horizontal tab not allowed [-gnatyh]
dear_imgui-widgets.adb:372:01: (style) horizontal tab not allowed [-gnatyh]
dear_imgui-widgets.adb:373:01: (style) horizontal tab not allowed [-gnatyh]
dear_imgui-widgets.adb:374:01: (style) horizontal tab not allowed [-gnatyh]
dear_imgui-widgets.adb:376:01: (style) horizontal tab not allowed [-gnatyh]
dear_imgui-widgets.adb:378:01: (style) horizontal tab not allowed [-gnatyh]
dear_imgui-widgets.adb:380:01: (style) horizontal tab not allowed [-gnatyh]
dear_imgui-widgets.adb:382:01: (style) horizontal tab not allowed [-gnatyh]
dear_imgui-widgets.adb:384:01: (style) horizontal tab not allowed [-gnatyh]
dear_imgui-widgets.adb:385:01: (style) horizontal tab not allowed [-gnatyh]
dear_imgui-widgets.adb:386:01: (style) horizontal tab not allowed [-gnatyh]
dear_imgui-widgets.adb:387:01: (style) horizontal tab not allowed [-gnatyh]
dear_imgui-widgets.adb:388:01: (style) horizontal tab not allowed [-gnatyh]
dear_imgui-widgets.adb:389:01: (style) horizontal tab not allowed [-gnatyh]
dear_imgui-widgets.adb:391:01: (style) horizontal tab not allowed [-gnatyh]
dear_imgui-widgets.adb:393:01: (style) horizontal tab not allowed [-gnatyh]
dear_imgui-widgets.adb:395:01: (style) horizontal tab not allowed [-gnatyh]
dear_imgui-widgets.adb:396:01: (style) horizontal tab not allowed [-gnatyh]
dear_imgui-widgets.adb:397:01: (style) horizontal tab not allowed [-gnatyh]
dear_imgui-widgets.adb:398:01: (style) horizontal tab not allowed [-gnatyh]
dear_imgui-widgets.adb:399:01: (style) horizontal tab not allowed [-gnatyh]
dear_imgui-widgets.adb:400:01: (style) horizontal tab not allowed [-gnatyh]
dear_imgui-widgets.adb:402:01: (style) horizontal tab not allowed [-gnatyh]
dear_imgui-widgets.adb:402:59: (style) bad casing of "True" declared in Standard [-gnatyn]
dear_imgui-widgets.adb:404:01: (style) horizontal tab not allowed [-gnatyh]
dear_imgui-widgets.adb:406:01: (style) horizontal tab not allowed [-gnatyh]
dear_imgui-widgets.adb:408:01: (style) horizontal tab not allowed [-gnatyh]
dear_imgui-widgets.adb:409:01: (style) horizontal tab not allowed [-gnatyh]
dear_imgui-widgets.adb:411:01: (style) horizontal tab not allowed [-gnatyh]
dear_imgui-widgets.adb:413:01: (style) horizontal tab not allowed [-gnatyh]
dear_imgui-widgets.adb:415:01: (style) horizontal tab not allowed [-gnatyh]
dear_imgui-widgets.adb:416:01: (style) horizontal tab not allowed [-gnatyh]
dear_imgui-widgets.adb:417:01: (style) horizontal tab not allowed [-gnatyh]
dear_imgui-widgets.adb:419:01: (style) horizontal tab not allowed [-gnatyh]
dear_imgui-widgets.adb:421:01: (style) horizontal tab not allowed [-gnatyh]
dear_imgui-widgets.adb:422:01: (style) multiple blank lines [-gnatyu]
dear_imgui-widgets.adb:424:04: (style) space required [-gnatyc]
dear_imgui-widgets.adb:425:01: (style) multiple blank lines [-gnatyu]
dear_imgui-widgets.adb:428:01: (style) horizontal tab not allowed [-gnatyh]
dear_imgui-widgets.adb:429:01: (style) horizontal tab not allowed [-gnatyh]
dear_imgui-widgets.adb:430:01: (style) horizontal tab not allowed [-gnatyh]
dear_imgui-widgets.adb:431:01: (style) horizontal tab not allowed [-gnatyh]
dear_imgui-widgets.adb:432:01: (style) horizontal tab not allowed [-gnatyh]
dear_imgui-widgets.adb:433:01: (style) horizontal tab not allowed [-gnatyh]
dear_imgui-widgets.adb:435:01: (style) horizontal tab not allowed [-gnatyh]
dear_imgui-widgets.adb:436:01: (style) horizontal tab not allowed [-gnatyh]
dear_imgui-widgets.adb:437:01: (style) horizontal tab not allowed [-gnatyh]
dear_imgui-widgets.adb:439:01: (style) horizontal tab not allowed [-gnatyh]
dear_imgui-widgets.adb:441:01: (style) horizontal tab not allowed [-gnatyh]
dear_imgui-widgets.adb:442:01: (style) horizontal tab not allowed [-gnatyh]
dear_imgui-widgets.adb:443:01: (style) horizontal tab not allowed [-gnatyh]
dear_imgui-widgets.adb:444:01: (style) horizontal tab not allowed [-gnatyh]
dear_imgui-widgets.adb:445:01: (style) horizontal tab not allowed [-gnatyh]
dear_imgui-widgets.adb:447:01: (style) horizontal tab not allowed [-gnatyh]
dear_imgui-widgets.adb:448:01: (style) horizontal tab not allowed [-gnatyh]
dear_imgui-widgets.adb:449:01: (style) horizontal tab not allowed [-gnatyh]
dear_imgui-widgets.adb:451:01: (style) horizontal tab not allowed [-gnatyh]
dear_imgui-widgets.adb:453:01: (style) horizontal tab not allowed [-gnatyh]
dear_imgui-widgets.adb:454:01: (style) horizontal tab not allowed [-gnatyh]
dear_imgui-widgets.adb:455:01: (style) horizontal tab not allowed [-gnatyh]
dear_imgui-widgets.adb:456:01: (style) horizontal tab not allowed [-gnatyh]
dear_imgui-widgets.adb:457:01: (style) horizontal tab not allowed [-gnatyh]
dear_imgui-widgets.adb:458:01: (style) horizontal tab not allowed [-gnatyh]
dear_imgui-widgets.adb:459:01: (style) horizontal tab not allowed [-gnatyh]
dear_imgui-widgets.adb:461:01: (style) horizontal tab not allowed [-gnatyh]
dear_imgui-widgets.adb:463:01: (style) horizontal tab not allowed [-gnatyh]
dear_imgui-widgets.adb:465:01: (style) horizontal tab not allowed [-gnatyh]
dear_imgui-widgets.adb:466:01: (style) multiple blank lines [-gnatyu]
dear_imgui-widgets.ads:2:01: (style) multiple blank lines [-gnatyu]
dear_imgui-widgets.ads:8:01: (style) multiple blank lines [-gnatyu]
dear_imgui-widgets.ads:12:01: (style) horizontal tab not allowed [-gnatyh]
dear_imgui-widgets.ads:15:01: (style) multiple blank lines [-gnatyu]
dear_imgui-widgets.ads:18:01: (style) horizontal tab not allowed [-gnatyh]
dear_imgui-widgets.ads:19:01: (style) horizontal tab not allowed [-gnatyh]
dear_imgui-widgets.ads:20:01: (style) multiple blank lines [-gnatyu]
dear_imgui-widgets.ads:23:01: (style) horizontal tab not allowed [-gnatyh]
dear_imgui-widgets.ads:24:01: (style) horizontal tab not allowed [-gnatyh]
dear_imgui-widgets.ads:25:01: (style) horizontal tab not allowed [-gnatyh]
dear_imgui-widgets.ads:26:01: (style) horizontal tab not allowed [-gnatyh]
dear_imgui-widgets.ads:27:01: (style) horizontal tab not allowed [-gnatyh]
dear_imgui-widgets.ads:28:01: (style) horizontal tab not allowed [-gnatyh]
dear_imgui-widgets.ads:29:01: (style) horizontal tab not allowed [-gnatyh]
dear_imgui-widgets.ads:30:01: (style) horizontal tab not allowed [-gnatyh]
dear_imgui-widgets.ads:31:01: (style) horizontal tab not allowed [-gnatyh]
dear_imgui-widgets.ads:32:01: (style) horizontal tab not allowed [-gnatyh]
dear_imgui-widgets.ads:33:01: (style) horizontal tab not allowed [-gnatyh]
dear_imgui-widgets.ads:34:01: (style) horizontal tab not allowed [-gnatyh]
dear_imgui-widgets.ads:36:01: (style) horizontal tab not allowed [-gnatyh]
dear_imgui-widgets.ads:37:01: (style) horizontal tab not allowed [-gnatyh]
dear_imgui-widgets.ads:38:01: (style) horizontal tab not allowed [-gnatyh]
dear_imgui-widgets.ads:39:01: (style) horizontal tab not allowed [-gnatyh]
dear_imgui-widgets.ads:40:01: (style) horizontal tab not allowed [-gnatyh]
dear_imgui-widgets.ads:41:01: (style) horizontal tab not allowed [-gnatyh]
dear_imgui-widgets.ads:42:01: (style) horizontal tab not allowed [-gnatyh]
dear_imgui-widgets.ads:43:01: (style) horizontal tab not allowed [-gnatyh]
dear_imgui-widgets.ads:44:01: (style) horizontal tab not allowed [-gnatyh]
dear_imgui-widgets.ads:46:01: (style) horizontal tab not allowed [-gnatyh]
dear_imgui-widgets.ads:47:01: (style) horizontal tab not allowed [-gnatyh]
dear_imgui-widgets.ads:48:01: (style) horizontal tab not allowed [-gnatyh]
dear_imgui-widgets.ads:49:01: (style) horizontal tab not allowed [-gnatyh]
dear_imgui-widgets.ads:50:01: (style) horizontal tab not allowed [-gnatyh]
dear_imgui-widgets.ads:51:01: (style) horizontal tab not allowed [-gnatyh]
dear_imgui-widgets.ads:52:01: (style) horizontal tab not allowed [-gnatyh]
dear_imgui-widgets.ads:53:01: (style) horizontal tab not allowed [-gnatyh]
dear_imgui-widgets.ads:54:01: (style) horizontal tab not allowed [-gnatyh]
dear_imgui-widgets.ads:55:01: (style) horizontal tab not allowed [-gnatyh]
dear_imgui-widgets.ads:57:01: (style) horizontal tab not allowed [-gnatyh]
dear_imgui-widgets.ads:58:01: (style) horizontal tab not allowed [-gnatyh]
dear_imgui-widgets.ads:59:01: (style) horizontal tab not allowed [-gnatyh]
dear_imgui-widgets.ads:60:01: (style) horizontal tab not allowed [-gnatyh]
dear_imgui-widgets.ads:61:01: (style) horizontal tab not allowed [-gnatyh]
dear_imgui-widgets.ads:63:01: (style) horizontal tab not allowed [-gnatyh]
dear_imgui-widgets.ads:64:01: (style) horizontal tab not allowed [-gnatyh]
dear_imgui-widgets.ads:65:01: (style) horizontal tab not allowed [-gnatyh]
dear_imgui-widgets.ads:66:01: (style) horizontal tab not allowed [-gnatyh]
dear_imgui-widgets.ads:67:01: (style) horizontal tab not allowed [-gnatyh]
dear_imgui-widgets.ads:68:01: (style) horizontal tab not allowed [-gnatyh]
dear_imgui-widgets.ads:69:01: (style) horizontal tab not allowed [-gnatyh]
dear_imgui-widgets.ads:71:01: (style) horizontal tab not allowed [-gnatyh]
dear_imgui-widgets.ads:72:01: (style) horizontal tab not allowed [-gnatyh]
dear_imgui-widgets.ads:73:01: (style) horizontal tab not allowed [-gnatyh]
dear_imgui-widgets.ads:74:01: (style) horizontal tab not allowed [-gnatyh]
dear_imgui-widgets.ads:75:01: (style) horizontal tab not allowed [-gnatyh]
dear_imgui-widgets.ads:76:01: (style) horizontal tab not allowed [-gnatyh]
dear_imgui-widgets.ads:78:01: (style) horizontal tab not allowed [-gnatyh]
dear_imgui-widgets.ads:79:01: (style) horizontal tab not allowed [-gnatyh]
dear_imgui-widgets.ads:80:01: (style) horizontal tab not allowed [-gnatyh]
dear_imgui-widgets.ads:81:01: (style) horizontal tab not allowed [-gnatyh]
dear_imgui-widgets.ads:82:01: (style) horizontal tab not allowed [-gnatyh]
dear_imgui-widgets.ads:83:01: (style) horizontal tab not allowed [-gnatyh]
dear_imgui-widgets.ads:84:01: (style) horizontal tab not allowed [-gnatyh]
dear_imgui-widgets.ads:86:01: (style) horizontal tab not allowed [-gnatyh]
dear_imgui-widgets.ads:87:01: (style) horizontal tab not allowed [-gnatyh]
dear_imgui-widgets.ads:88:01: (style) horizontal tab not allowed [-gnatyh]
dear_imgui-widgets.ads:89:01: (style) horizontal tab not allowed [-gnatyh]
dear_imgui-widgets.ads:90:01: (style) horizontal tab not allowed [-gnatyh]
dear_imgui-widgets.ads:91:01: (style) horizontal tab not allowed [-gnatyh]
dear_imgui-widgets.ads:92:01: (style) horizontal tab not allowed [-gnatyh]
dear_imgui-widgets.ads:93:01: (style) horizontal tab not allowed [-gnatyh]
dear_imgui-widgets.ads:95:01: (style) horizontal tab not allowed [-gnatyh]
dear_imgui-widgets.ads:96:01: (style) horizontal tab not allowed [-gnatyh]
dear_imgui-widgets.ads:97:01: (style) horizontal tab not allowed [-gnatyh]
dear_imgui-widgets.ads:98:01: (style) horizontal tab not allowed [-gnatyh]
dear_imgui-widgets.ads:99:01: (style) horizontal tab not allowed [-gnatyh]
dear_imgui-widgets.ads:100:01: (style) horizontal tab not allowed [-gnatyh]
dear_imgui-widgets.ads:101:01: (style) horizontal tab not allowed [-gnatyh]
dear_imgui-widgets.ads:102:01: (style) horizontal tab not allowed [-gnatyh]
dear_imgui-widgets.ads:104:01: (style) horizontal tab not allowed [-gnatyh]
dear_imgui-widgets.ads:105:01: (style) horizontal tab not allowed [-gnatyh]
dear_imgui-widgets.ads:106:01: (style) horizontal tab not allowed [-gnatyh]
dear_imgui-widgets.ads:107:01: (style) horizontal tab not allowed [-gnatyh]
dear_imgui-widgets.ads:108:01: (style) horizontal tab not allowed [-gnatyh]
dear_imgui-widgets.ads:109:01: (style) horizontal tab not allowed [-gnatyh]
dear_imgui-widgets.ads:110:01: (style) horizontal tab not allowed [-gnatyh]
dear_imgui-widgets.ads:111:01: (style) horizontal tab not allowed [-gnatyh]
dear_imgui-widgets.ads:113:01: (style) horizontal tab not allowed [-gnatyh]
dear_imgui-widgets.ads:114:01: (style) horizontal tab not allowed [-gnatyh]
dear_imgui-widgets.ads:115:01: (style) horizontal tab not allowed [-gnatyh]
dear_imgui-widgets.ads:116:01: (style) horizontal tab not allowed [-gnatyh]
dear_imgui-widgets.ads:117:01: (style) horizontal tab not allowed [-gnatyh]
dear_imgui-widgets.ads:118:01: (style) horizontal tab not allowed [-gnatyh]
dear_imgui-widgets.ads:119:01: (style) horizontal tab not allowed [-gnatyh]
dear_imgui-widgets.ads:120:01: (style) horizontal tab not allowed [-gnatyh]
dear_imgui-widgets.ads:122:01: (style) horizontal tab not allowed [-gnatyh]
dear_imgui-widgets.ads:123:01: (style) horizontal tab not allowed [-gnatyh]
dear_imgui-widgets.ads:124:01: (style) horizontal tab not allowed [-gnatyh]
dear_imgui-widgets.ads:125:01: (style) horizontal tab not allowed [-gnatyh]
dear_imgui-widgets.ads:126:01: (style) horizontal tab not allowed [-gnatyh]
dear_imgui-widgets.ads:127:01: (style) horizontal tab not allowed [-gnatyh]
dear_imgui-widgets.ads:128:01: (style) horizontal tab not allowed [-gnatyh]
dear_imgui-widgets.ads:129:01: (style) horizontal tab not allowed [-gnatyh]
dear_imgui-widgets.ads:131:01: (style) horizontal tab not allowed [-gnatyh]
dear_imgui-widgets.ads:132:01: (style) horizontal tab not allowed [-gnatyh]
dear_imgui-widgets.ads:133:01: (style) horizontal tab not allowed [-gnatyh]
dear_imgui-widgets.ads:134:01: (style) horizontal tab not allowed [-gnatyh]
dear_imgui-widgets.ads:135:01: (style) horizontal tab not allowed [-gnatyh]
dear_imgui-widgets.ads:136:01: (style) horizontal tab not allowed [-gnatyh]
dear_imgui-widgets.ads:137:01: (style) horizontal tab not allowed [-gnatyh]
dear_imgui-widgets.ads:138:01: (style) horizontal tab not allowed [-gnatyh]
dear_imgui-widgets.ads:140:01: (style) horizontal tab not allowed [-gnatyh]
dear_imgui-widgets.ads:141:01: (style) horizontal tab not allowed [-gnatyh]
dear_imgui-widgets.ads:142:01: (style) horizontal tab not allowed [-gnatyh]
dear_imgui-widgets.ads:143:01: (style) horizontal tab not allowed [-gnatyh]
dear_imgui-widgets.ads:144:01: (style) horizontal tab not allowed [-gnatyh]
dear_imgui-widgets.ads:145:01: (style) horizontal tab not allowed [-gnatyh]
dear_imgui-widgets.ads:146:01: (style) horizontal tab not allowed [-gnatyh]
dear_imgui-widgets.ads:147:01: (style) horizontal tab not allowed [-gnatyh]
dear_imgui-widgets.ads:148:01: (style) horizontal tab not allowed [-gnatyh]
dear_imgui-widgets.ads:149:01: (style) horizontal tab not allowed [-gnatyh]
dear_imgui-widgets.ads:150:01: (style) horizontal tab not allowed [-gnatyh]
dear_imgui-widgets.ads:152:01: (style) horizontal tab not allowed [-gnatyh]
dear_imgui-widgets.ads:153:01: (style) horizontal tab not allowed [-gnatyh]
dear_imgui-widgets.ads:154:01: (style) horizontal tab not allowed [-gnatyh]
dear_imgui-widgets.ads:155:01: (style) horizontal tab not allowed [-gnatyh]
dear_imgui-widgets.ads:156:01: (style) horizontal tab not allowed [-gnatyh]
dear_imgui-widgets.ads:157:01: (style) horizontal tab not allowed [-gnatyh]
dear_imgui-widgets.ads:158:01: (style) horizontal tab not allowed [-gnatyh]
dear_imgui-widgets.ads:159:01: (style) horizontal tab not allowed [-gnatyh]
dear_imgui-widgets.ads:160:01: (style) horizontal tab not allowed [-gnatyh]
dear_imgui-widgets.ads:162:01: (style) horizontal tab not allowed [-gnatyh]
dear_imgui-widgets.ads:163:01: (style) horizontal tab not allowed [-gnatyh]
dear_imgui-widgets.ads:164:01: (style) horizontal tab not allowed [-gnatyh]
dear_imgui-widgets.ads:166:01: (style) horizontal tab not allowed [-gnatyh]
dear_imgui-widgets.ads:167:01: (style) horizontal tab not allowed [-gnatyh]
dear_imgui-widgets.ads:168:01: (style) horizontal tab not allowed [-gnatyh]
dear_imgui-widgets.ads:170:01: (style) horizontal tab not allowed [-gnatyh]
dear_imgui-widgets.ads:171:01: (style) horizontal tab not allowed [-gnatyh]
dear_imgui-widgets.ads:172:01: (style) horizontal tab not allowed [-gnatyh]
dear_imgui-widgets.ads:174:01: (style) horizontal tab not allowed [-gnatyh]
dear_imgui-widgets.ads:175:01: (style) horizontal tab not allowed [-gnatyh]
dear_imgui-widgets.ads:176:01: (style) horizontal tab not allowed [-gnatyh]
dear_imgui-widgets.ads:177:01: (style) horizontal tab not allowed [-gnatyh]
dear_imgui-widgets.ads:178:01: (style) horizontal tab not allowed [-gnatyh]
dear_imgui-widgets.ads:179:01: (style) horizontal tab not allowed [-gnatyh]
dear_imgui-widgets.ads:180:01: (style) horizontal tab not allowed [-gnatyh]
dear_imgui-widgets.ads:181:01: (style) horizontal tab not allowed [-gnatyh]
dear_imgui-widgets.ads:182:01: (style) horizontal tab not allowed [-gnatyh]
dear_imgui-widgets.ads:183:01: (style) horizontal tab not allowed [-gnatyh]
dear_imgui-widgets.ads:184:01: (style) horizontal tab not allowed [-gnatyh]
dear_imgui-widgets.ads:185:01: (style) horizontal tab not allowed [-gnatyh]
dear_imgui-widgets.ads:186:01: (style) horizontal tab not allowed [-gnatyh]
dear_imgui-widgets.ads:187:01: (style) horizontal tab not allowed [-gnatyh]
dear_imgui-widgets.ads:188:01: (style) horizontal tab not allowed [-gnatyh]
dear_imgui-widgets.ads:189:01: (style) horizontal tab not allowed [-gnatyh]
dear_imgui-widgets.ads:190:01: (style) horizontal tab not allowed [-gnatyh]
dear_imgui-widgets.ads:191:01: (style) horizontal tab not allowed [-gnatyh]
dear_imgui-widgets.ads:193:01: (style) horizontal tab not allowed [-gnatyh]
dear_imgui-widgets.ads:194:01: (style) horizontal tab not allowed [-gnatyh]
dear_imgui-widgets.ads:195:01: (style) horizontal tab not allowed [-gnatyh]
dear_imgui-widgets.ads:196:01: (style) horizontal tab not allowed [-gnatyh]
dear_imgui-widgets.ads:197:01: (style) horizontal tab not allowed [-gnatyh]
dear_imgui-widgets.ads:198:01: (style) horizontal tab not allowed [-gnatyh]
dear_imgui-widgets.ads:199:01: (style) horizontal tab not allowed [-gnatyh]
dear_imgui-widgets.ads:200:01: (style) horizontal tab not allowed [-gnatyh]
dear_imgui-widgets.ads:201:01: (style) horizontal tab not allowed [-gnatyh]
dear_imgui-widgets.ads:202:01: (style) horizontal tab not allowed [-gnatyh]
dear_imgui-widgets.ads:203:01: (style) horizontal tab not allowed [-gnatyh]
dear_imgui-widgets.ads:205:01: (style) horizontal tab not allowed [-gnatyh]
dear_imgui-widgets.ads:206:01: (style) horizontal tab not allowed [-gnatyh]
dear_imgui-widgets.ads:207:01: (style) horizontal tab not allowed [-gnatyh]
dear_imgui-widgets.ads:209:01: (style) horizontal tab not allowed [-gnatyh]
dear_imgui-widgets.ads:210:01: (style) horizontal tab not allowed [-gnatyh]
dear_imgui-widgets.ads:211:01: (style) horizontal tab not allowed [-gnatyh]
dear_imgui-widgets.ads:212:01: (style) horizontal tab not allowed [-gnatyh]
dear_imgui-widgets.ads:213:01: (style) horizontal tab not allowed [-gnatyh]
dear_imgui-widgets.ads:214:01: (style) horizontal tab not allowed [-gnatyh]
dear_imgui-widgets.ads:215:01: (style) horizontal tab not allowed [-gnatyh]
dear_imgui-widgets.ads:216:01: (style) horizontal tab not allowed [-gnatyh]
dear_imgui-widgets.ads:217:01: (style) horizontal tab not allowed [-gnatyh]
dear_imgui-widgets.ads:218:01: (style) horizontal tab not allowed [-gnatyh]
dear_imgui-widgets.ads:219:01: (style) horizontal tab not allowed [-gnatyh]
dear_imgui-widgets.ads:221:01: (style) horizontal tab not allowed [-gnatyh]
dear_imgui-widgets.ads:222:01: (style) horizontal tab not allowed [-gnatyh]
dear_imgui-widgets.ads:223:01: (style) horizontal tab not allowed [-gnatyh]
dear_imgui-widgets.ads:224:01: (style) horizontal tab not allowed [-gnatyh]
dear_imgui-widgets.ads:225:01: (style) horizontal tab not allowed [-gnatyh]
dear_imgui-widgets.ads:226:01: (style) horizontal tab not allowed [-gnatyh]
dear_imgui-widgets.ads:227:01: (style) horizontal tab not allowed [-gnatyh]
dear_imgui-widgets.ads:228:01: (style) horizontal tab not allowed [-gnatyh]
dear_imgui-widgets.ads:229:01: (style) horizontal tab not allowed [-gnatyh]
dear_imgui-widgets.ads:231:01: (style) horizontal tab not allowed [-gnatyh]
dear_imgui-widgets.ads:232:01: (style) horizontal tab not allowed [-gnatyh]
dear_imgui-widgets.ads:233:01: (style) horizontal tab not allowed [-gnatyh]
dear_imgui-widgets.ads:234:01: (style) horizontal tab not allowed [-gnatyh]
dear_imgui-widgets.ads:235:01: (style) horizontal tab not allowed [-gnatyh]
dear_imgui-widgets.ads:236:01: (style) horizontal tab not allowed [-gnatyh]
dear_imgui-widgets.ads:237:01: (style) horizontal tab not allowed [-gnatyh]
dear_imgui-widgets.ads:238:01: (style) horizontal tab not allowed [-gnatyh]
dear_imgui-widgets.ads:239:01: (style) horizontal tab not allowed [-gnatyh]
dear_imgui-widgets.ads:241:01: (style) horizontal tab not allowed [-gnatyh]
dear_imgui-widgets.ads:242:01: (style) horizontal tab not allowed [-gnatyh]
dear_imgui-widgets.ads:243:01: (style) horizontal tab not allowed [-gnatyh]
dear_imgui-widgets.ads:244:01: (style) horizontal tab not allowed [-gnatyh]
dear_imgui-widgets.ads:245:01: (style) horizontal tab not allowed [-gnatyh]
dear_imgui-widgets.ads:246:01: (style) horizontal tab not allowed [-gnatyh]
dear_imgui-widgets.ads:247:01: (style) horizontal tab not allowed [-gnatyh]
dear_imgui-widgets.ads:248:01: (style) horizontal tab not allowed [-gnatyh]
dear_imgui-widgets.ads:249:01: (style) horizontal tab not allowed [-gnatyh]
dear_imgui-widgets.ads:251:01: (style) horizontal tab not allowed [-gnatyh]
dear_imgui-widgets.ads:252:01: (style) horizontal tab not allowed [-gnatyh]
dear_imgui-widgets.ads:253:01: (style) horizontal tab not allowed [-gnatyh]
dear_imgui-widgets.ads:255:01: (style) horizontal tab not allowed [-gnatyh]
dear_imgui-widgets.ads:256:01: (style) horizontal tab not allowed [-gnatyh]
dear_imgui-widgets.ads:257:01: (style) horizontal tab not allowed [-gnatyh]
dear_imgui-widgets.ads:259:01: (style) horizontal tab not allowed [-gnatyh]
dear_imgui-widgets.ads:260:01: (style) horizontal tab not allowed [-gnatyh]
dear_imgui-widgets.ads:261:01: (style) horizontal tab not allowed [-gnatyh]
dear_imgui-widgets.ads:263:01: (style) horizontal tab not allowed [-gnatyh]
dear_imgui-widgets.ads:264:01: (style) horizontal tab not allowed [-gnatyh]
dear_imgui-widgets.ads:265:01: (style) horizontal tab not allowed [-gnatyh]
dear_imgui-widgets.ads:267:01: (style) horizontal tab not allowed [-gnatyh]
dear_imgui-widgets.ads:268:01: (style) horizontal tab not allowed [-gnatyh]
dear_imgui-widgets.ads:269:01: (style) horizontal tab not allowed [-gnatyh]
dear_imgui-widgets.ads:271:01: (style) horizontal tab not allowed [-gnatyh]
dear_imgui-widgets.ads:272:01: (style) horizontal tab not allowed [-gnatyh]
dear_imgui-widgets.ads:273:01: (style) horizontal tab not allowed [-gnatyh]
dear_imgui-widgets.ads:274:01: (style) horizontal tab not allowed [-gnatyh]
dear_imgui-widgets.ads:275:01: (style) horizontal tab not allowed [-gnatyh]
dear_imgui-widgets.ads:276:01: (style) horizontal tab not allowed [-gnatyh]
dear_imgui-widgets.ads:277:01: (style) horizontal tab not allowed [-gnatyh]
dear_imgui-widgets.ads:278:01: (style) horizontal tab not allowed [-gnatyh]
dear_imgui-widgets.ads:279:01: (style) horizontal tab not allowed [-gnatyh]
dear_imgui-widgets.ads:281:01: (style) horizontal tab not allowed [-gnatyh]
dear_imgui-widgets.ads:282:01: (style) horizontal tab not allowed [-gnatyh]
dear_imgui-widgets.ads:283:01: (style) horizontal tab not allowed [-gnatyh]
dear_imgui-widgets.ads:284:01: (style) horizontal tab not allowed [-gnatyh]
dear_imgui-widgets.ads:285:01: (style) horizontal tab not allowed [-gnatyh]
dear_imgui-widgets.ads:286:01: (style) horizontal tab not allowed [-gnatyh]
dear_imgui-widgets.ads:287:01: (style) horizontal tab not allowed [-gnatyh]
dear_imgui-widgets.ads:289:01: (style) horizontal tab not allowed [-gnatyh]
dear_imgui-widgets.ads:290:01: (style) horizontal tab not allowed [-gnatyh]
dear_imgui-widgets.ads:291:01: (style) horizontal tab not allowed [-gnatyh]
dear_imgui-widgets.ads:292:01: (style) horizontal tab not allowed [-gnatyh]
dear_imgui-widgets.ads:293:01: (style) horizontal tab not allowed [-gnatyh]
dear_imgui-widgets.ads:294:01: (style) horizontal tab not allowed [-gnatyh]
dear_imgui-widgets.ads:295:01: (style) horizontal tab not allowed [-gnatyh]
dear_imgui-widgets.ads:296:01: (style) horizontal tab not allowed [-gnatyh]
dear_imgui-widgets.ads:296:41: (style) bad casing of "True" declared in Standard [-gnatyn]
dear_imgui-widgets.ads:297:01: (style) horizontal tab not allowed [-gnatyh]
dear_imgui-widgets.ads:298:01: (style) horizontal tab not allowed [-gnatyh]
dear_imgui-widgets.ads:300:01: (style) horizontal tab not allowed [-gnatyh]
dear_imgui-widgets.ads:301:01: (style) horizontal tab not allowed [-gnatyh]
dear_imgui-widgets.ads:302:01: (style) horizontal tab not allowed [-gnatyh]
dear_imgui-widgets.ads:303:01: (style) horizontal tab not allowed [-gnatyh]
dear_imgui-widgets.ads:304:01: (style) horizontal tab not allowed [-gnatyh]
dear_imgui-widgets.ads:305:01: (style) horizontal tab not allowed [-gnatyh]
dear_imgui-widgets.ads:306:01: (style) horizontal tab not allowed [-gnatyh]
dear_imgui-widgets.ads:308:01: (style) horizontal tab not allowed [-gnatyh]
dear_imgui-widgets.ads:309:01: (style) horizontal tab not allowed [-gnatyh]
dear_imgui-widgets.ads:310:01: (style) horizontal tab not allowed [-gnatyh]
dear_imgui-widgets.ads:311:01: (style) horizontal tab not allowed [-gnatyh]
dear_imgui-widgets.ads:312:01: (style) horizontal tab not allowed [-gnatyh]
dear_imgui-widgets.ads:313:01: (style) horizontal tab not allowed [-gnatyh]
dear_imgui-widgets.ads:314:01: (style) horizontal tab not allowed [-gnatyh]
dear_imgui-widgets.ads:315:01: (style) horizontal tab not allowed [-gnatyh]
dear_imgui-widgets.ads:316:01: (style) horizontal tab not allowed [-gnatyh]
dear_imgui-widgets.ads:316:42: (style) bad casing of "False" declared in Standard [-gnatyn]
dear_imgui-widgets.ads:317:01: (style) horizontal tab not allowed [-gnatyh]
dear_imgui-widgets.ads:317:42: (style) bad casing of "True" declared in Standard [-gnatyn]
dear_imgui-widgets.ads:318:01: (style) horizontal tab not allowed [-gnatyh]
dear_imgui-widgets.ads:320:01: (style) horizontal tab not allowed [-gnatyh]
dear_imgui-widgets.ads:321:01: (style) horizontal tab not allowed [-gnatyh]
dear_imgui-widgets.ads:322:01: (style) horizontal tab not allowed [-gnatyh]
dear_imgui-widgets.ads:323:01: (style) horizontal tab not allowed [-gnatyh]
dear_imgui-widgets.ads:324:01: (style) horizontal tab not allowed [-gnatyh]
dear_imgui-widgets.ads:325:01: (style) horizontal tab not allowed [-gnatyh]
dear_imgui-widgets.ads:326:01: (style) horizontal tab not allowed [-gnatyh]
dear_imgui-widgets.ads:327:01: (style) horizontal tab not allowed [-gnatyh]
dear_imgui-widgets.ads:328:01: (style) horizontal tab not allowed [-gnatyh]
dear_imgui-widgets.ads:329:01: (style) horizontal tab not allowed [-gnatyh]
dear_imgui-widgets.ads:329:46: (style) bad casing of "True" declared in Standard [-gnatyn]
dear_imgui-widgets.ads:330:01: (style) horizontal tab not allowed [-gnatyh]
dear_imgui-widgets.ads:332:01: (style) horizontal tab not allowed [-gnatyh]
dear_imgui-widgets.ads:333:01: (style) horizontal tab not allowed [-gnatyh]
dear_imgui-widgets.ads:334:01: (style) horizontal tab not allowed [-gnatyh]
dear_imgui-widgets.ads:335:01: (style) horizontal tab not allowed [-gnatyh]
dear_imgui-widgets.ads:336:01: (style) horizontal tab not allowed [-gnatyh]
dear_imgui-widgets.ads:337:01: (style) horizontal tab not allowed [-gnatyh]
dear_imgui-widgets.ads:338:01: (style) horizontal tab not allowed [-gnatyh]
dear_imgui-widgets.ads:339:01: (style) horizontal tab not allowed [-gnatyh]
dear_imgui-widgets.ads:339:46: (style) bad casing of "True" declared in Standard [-gnatyn]
dear_imgui-widgets.ads:340:01: (style) horizontal tab not allowed [-gnatyh]
dear_imgui-widgets.ads:342:01: (style) horizontal tab not allowed [-gnatyh]
dear_imgui-widgets.ads:343:01: (style) horizontal tab not allowed [-gnatyh]
dear_imgui-widgets.ads:344:01: (style) horizontal tab not allowed [-gnatyh]
dear_imgui-widgets.ads:346:01: (style) horizontal tab not allowed [-gnatyh]
dear_imgui-widgets.ads:347:01: (style) horizontal tab not allowed [-gnatyh]
dear_imgui-widgets.ads:348:01: (style) horizontal tab not allowed [-gnatyh]
dear_imgui-widgets.ads:350:01: (style) horizontal tab not allowed [-gnatyh]
dear_imgui-widgets.ads:351:01: (style) horizontal tab not allowed [-gnatyh]
dear_imgui-widgets.ads:352:01: (style) horizontal tab not allowed [-gnatyh]
dear_imgui-widgets.ads:354:01: (style) horizontal tab not allowed [-gnatyh]
dear_imgui-widgets.ads:355:01: (style) horizontal tab not allowed [-gnatyh]
dear_imgui-widgets.ads:356:01: (style) horizontal tab not allowed [-gnatyh]
dear_imgui-widgets.ads:357:01: (style) horizontal tab not allowed [-gnatyh]
dear_imgui-widgets.ads:358:01: (style) horizontal tab not allowed [-gnatyh]
dear_imgui-widgets.ads:359:01: (style) horizontal tab not allowed [-gnatyh]
dear_imgui-widgets.ads:360:01: (style) horizontal tab not allowed [-gnatyh]
dear_imgui-widgets.ads:361:01: (style) horizontal tab not allowed [-gnatyh]
dear_imgui-widgets.ads:362:01: (style) horizontal tab not allowed [-gnatyh]
dear_imgui-widgets.ads:363:01: (style) horizontal tab not allowed [-gnatyh]
dear_imgui-widgets.ads:365:01: (style) horizontal tab not allowed [-gnatyh]
dear_imgui-widgets.ads:366:01: (style) horizontal tab not allowed [-gnatyh]
dear_imgui-widgets.ads:367:01: (style) horizontal tab not allowed [-gnatyh]
dear_imgui-widgets.ads:368:01: (style) horizontal tab not allowed [-gnatyh]
dear_imgui-widgets.ads:369:01: (style) horizontal tab not allowed [-gnatyh]
dear_imgui-widgets.ads:370:01: (style) horizontal tab not allowed [-gnatyh]
dear_imgui-widgets.ads:371:01: (style) horizontal tab not allowed [-gnatyh]
dear_imgui-widgets.ads:373:01: (style) horizontal tab not allowed [-gnatyh]
dear_imgui-widgets.ads:374:01: (style) horizontal tab not allowed [-gnatyh]
dear_imgui-widgets.ads:375:01: (style) horizontal tab not allowed [-gnatyh]
dear_imgui-widgets.ads:376:01: (style) horizontal tab not allowed [-gnatyh]
dear_imgui-widgets.ads:377:01: (style) horizontal tab not allowed [-gnatyh]
dear_imgui-widgets.ads:378:01: (style) horizontal tab not allowed [-gnatyh]
dear_imgui-widgets.ads:379:01: (style) horizontal tab not allowed [-gnatyh]
dear_imgui-widgets.ads:380:01: (style) horizontal tab not allowed [-gnatyh]
dear_imgui-widgets.ads:381:01: (style) horizontal tab not allowed [-gnatyh]
dear_imgui-widgets.ads:383:01: (style) horizontal tab not allowed [-gnatyh]
dear_imgui-widgets.ads:384:01: (style) horizontal tab not allowed [-gnatyh]
dear_imgui-widgets.ads:385:01: (style) horizontal tab not allowed [-gnatyh]
dear_imgui-widgets.ads:386:01: (style) horizontal tab not allowed [-gnatyh]
dear_imgui-widgets.ads:387:01: (style) horizontal tab not allowed [-gnatyh]
dear_imgui-widgets.ads:388:01: (style) horizontal tab not allowed [-gnatyh]
dear_imgui-widgets.ads:389:01: (style) horizontal tab not allowed [-gnatyh]
dear_imgui-widgets.ads:390:01: (style) horizontal tab not allowed [-gnatyh]
dear_imgui-widgets.ads:391:01: (style) horizontal tab not allowed [-gnatyh]
dear_imgui-widgets.ads:392:01: (style) horizontal tab not allowed [-gnatyh]
dear_imgui-widgets.ads:393:01: (style) horizontal tab not allowed [-gnatyh]
dear_imgui-widgets.ads:394:01: (style) horizontal tab not allowed [-gnatyh]
dear_imgui-widgets.ads:396:01: (style) horizontal tab not allowed [-gnatyh]
dear_imgui-widgets.ads:397:01: (style) horizontal tab not allowed [-gnatyh]
dear_imgui-widgets.ads:398:01: (style) horizontal tab not allowed [-gnatyh]
dear_imgui-widgets.ads:399:01: (style) horizontal tab not allowed [-gnatyh]
dear_imgui-widgets.ads:400:01: (style) horizontal tab not allowed [-gnatyh]
dear_imgui-widgets.ads:401:01: (style) horizontal tab not allowed [-gnatyh]
dear_imgui-widgets.ads:402:01: (style) horizontal tab not allowed [-gnatyh]
dear_imgui-widgets.ads:403:01: (style) multiple blank lines [-gnatyu]
dear_imgui-widgets.ads:407:01: (style) multiple blank lines [-gnatyu]
dear_imgui-widgets.ads:410:01: (style) horizontal tab not allowed [-gnatyh]
dear_imgui-widgets.ads:411:01: (style) horizontal tab not allowed [-gnatyh]
dear_imgui-widgets.ads:412:01: (style) horizontal tab not allowed [-gnatyh]
dear_imgui-widgets.ads:413:01: (style) horizontal tab not allowed [-gnatyh]
dear_imgui-widgets.ads:414:01: (style) horizontal tab not allowed [-gnatyh]
dear_imgui-widgets.ads:415:01: (style) horizontal tab not allowed [-gnatyh]
dear_imgui-widgets.ads:417:01: (style) horizontal tab not allowed [-gnatyh]
dear_imgui-widgets.ads:418:01: (style) horizontal tab not allowed [-gnatyh]
dear_imgui-widgets.ads:419:01: (style) horizontal tab not allowed [-gnatyh]
dear_imgui-widgets.ads:420:01: (style) horizontal tab not allowed [-gnatyh]
dear_imgui-widgets.ads:421:01: (style) horizontal tab not allowed [-gnatyh]
dear_imgui-widgets.ads:423:01: (style) horizontal tab not allowed [-gnatyh]
dear_imgui-widgets.ads:424:01: (style) horizontal tab not allowed [-gnatyh]
dear_imgui-widgets.ads:425:01: (style) horizontal tab not allowed [-gnatyh]
dear_imgui-widgets.ads:426:01: (style) horizontal tab not allowed [-gnatyh]
dear_imgui-widgets.ads:427:01: (style) horizontal tab not allowed [-gnatyh]
dear_imgui-widgets.ads:429:01: (style) horizontal tab not allowed [-gnatyh]
dear_imgui-widgets.ads:430:01: (style) horizontal tab not allowed [-gnatyh]
dear_imgui-widgets.ads:431:01: (style) horizontal tab not allowed [-gnatyh]
dear_imgui-widgets.ads:433:01: (style) horizontal tab not allowed [-gnatyh]
dear_imgui-widgets.ads:434:01: (style) horizontal tab not allowed [-gnatyh]
dear_imgui-widgets.ads:435:01: (style) horizontal tab not allowed [-gnatyh]
dear_imgui-widgets.ads:437:01: (style) horizontal tab not allowed [-gnatyh]
dear_imgui-widgets.ads:438:01: (style) horizontal tab not allowed [-gnatyh]
dear_imgui-widgets.ads:439:01: (style) horizontal tab not allowed [-gnatyh]
dear_imgui-widgets.ads:441:01: (style) horizontal tab not allowed [-gnatyh]
dear_imgui-widgets.ads:442:01: (style) horizontal tab not allowed [-gnatyh]
dear_imgui-widgets.ads:443:01: (style) horizontal tab not allowed [-gnatyh]
dear_imgui-widgets.ads:444:01: (style) horizontal tab not allowed [-gnatyh]
dear_imgui-widgets.ads:445:01: (style) horizontal tab not allowed [-gnatyh]
dear_imgui-widgets.ads:447:01: (style) horizontal tab not allowed [-gnatyh]
dear_imgui-widgets.ads:448:01: (style) horizontal tab not allowed [-gnatyh]
dear_imgui-widgets.ads:449:01: (style) horizontal tab not allowed [-gnatyh]
dear_imgui-widgets.ads:450:01: (style) horizontal tab not allowed [-gnatyh]
dear_imgui-widgets.ads:451:01: (style) horizontal tab not allowed [-gnatyh]
dear_imgui-widgets.ads:453:01: (style) horizontal tab not allowed [-gnatyh]
dear_imgui-widgets.ads:454:01: (style) horizontal tab not allowed [-gnatyh]
dear_imgui-widgets.ads:455:01: (style) horizontal tab not allowed [-gnatyh]
dear_imgui-widgets.ads:456:01: (style) horizontal tab not allowed [-gnatyh]
dear_imgui-widgets.ads:457:01: (style) horizontal tab not allowed [-gnatyh]
dear_imgui-widgets.ads:458:01: (style) horizontal tab not allowed [-gnatyh]
dear_imgui-widgets.ads:459:01: (style) horizontal tab not allowed [-gnatyh]
dear_imgui-widgets.ads:460:01: (style) horizontal tab not allowed [-gnatyh]
dear_imgui-widgets.ads:462:01: (style) horizontal tab not allowed [-gnatyh]
dear_imgui-widgets.ads:463:01: (style) horizontal tab not allowed [-gnatyh]
dear_imgui-widgets.ads:464:01: (style) horizontal tab not allowed [-gnatyh]
dear_imgui-widgets.ads:465:01: (style) horizontal tab not allowed [-gnatyh]
dear_imgui-widgets.ads:466:01: (style) horizontal tab not allowed [-gnatyh]
dear_imgui-widgets.ads:467:01: (style) horizontal tab not allowed [-gnatyh]
dear_imgui-widgets.ads:469:01: (style) horizontal tab not allowed [-gnatyh]
dear_imgui-widgets.ads:470:01: (style) horizontal tab not allowed [-gnatyh]
dear_imgui-widgets.ads:471:01: (style) horizontal tab not allowed [-gnatyh]
dear_imgui-widgets.ads:472:01: (style) horizontal tab not allowed [-gnatyh]
dear_imgui-widgets.ads:473:01: (style) horizontal tab not allowed [-gnatyh]
dear_imgui-widgets.ads:474:01: (style) horizontal tab not allowed [-gnatyh]
dear_imgui-widgets.ads:476:01: (style) horizontal tab not allowed [-gnatyh]
dear_imgui-widgets.ads:477:01: (style) horizontal tab not allowed [-gnatyh]
dear_imgui-widgets.ads:478:01: (style) horizontal tab not allowed [-gnatyh]
dear_imgui-widgets.ads:479:01: (style) horizontal tab not allowed [-gnatyh]
dear_imgui-widgets.ads:480:01: (style) horizontal tab not allowed [-gnatyh]
dear_imgui-widgets.ads:481:01: (style) horizontal tab not allowed [-gnatyh]
dear_imgui-widgets.ads:482:01: (style) horizontal tab not allowed [-gnatyh]
dear_imgui-widgets.ads:484:01: (style) horizontal tab not allowed [-gnatyh]
dear_imgui-widgets.ads:485:01: (style) horizontal tab not allowed [-gnatyh]
dear_imgui-widgets.ads:486:01: (style) horizontal tab not allowed [-gnatyh]
dear_imgui-widgets.ads:487:01: (style) horizontal tab not allowed [-gnatyh]
dear_imgui-widgets.ads:488:01: (style) horizontal tab not allowed [-gnatyh]
dear_imgui-widgets.ads:489:01: (style) horizontal tab not allowed [-gnatyh]
dear_imgui-widgets.ads:490:01: (style) horizontal tab not allowed [-gnatyh]
dear_imgui-widgets.ads:491:01: (style) horizontal tab not allowed [-gnatyh]
dear_imgui-widgets.ads:492:01: (style) horizontal tab not allowed [-gnatyh]
dear_imgui-widgets.ads:493:01: (style) horizontal tab not allowed [-gnatyh]
dear_imgui-widgets.ads:494:01: (style) horizontal tab not allowed [-gnatyh]
dear_imgui-widgets.ads:495:01: (style) horizontal tab not allowed [-gnatyh]
dear_imgui-widgets.ads:497:01: (style) horizontal tab not allowed [-gnatyh]
dear_imgui-widgets.ads:498:01: (style) horizontal tab not allowed [-gnatyh]
dear_imgui-widgets.ads:499:01: (style) horizontal tab not allowed [-gnatyh]
dear_imgui-widgets.ads:500:01: (style) horizontal tab not allowed [-gnatyh]
dear_imgui-widgets.ads:501:01: (style) horizontal tab not allowed [-gnatyh]
dear_imgui-widgets.ads:502:01: (style) horizontal tab not allowed [-gnatyh]
dear_imgui-widgets.ads:503:01: (style) horizontal tab not allowed [-gnatyh]
dear_imgui-widgets.ads:504:01: (style) horizontal tab not allowed [-gnatyh]
dear_imgui-widgets.ads:505:01: (style) horizontal tab not allowed [-gnatyh]
dear_imgui-widgets.ads:507:01: (style) horizontal tab not allowed [-gnatyh]
dear_imgui-widgets.ads:508:01: (style) horizontal tab not allowed [-gnatyh]
dear_imgui-widgets.ads:509:01: (style) horizontal tab not allowed [-gnatyh]
dear_imgui-widgets.ads:510:01: (style) horizontal tab not allowed [-gnatyh]
dear_imgui-widgets.ads:511:01: (style) horizontal tab not allowed [-gnatyh]
dear_imgui-widgets.ads:512:01: (style) horizontal tab not allowed [-gnatyh]
dear_imgui-widgets.ads:513:01: (style) horizontal tab not allowed [-gnatyh]
dear_imgui-widgets.ads:515:01: (style) horizontal tab not allowed [-gnatyh]
dear_imgui-widgets.ads:516:01: (style) horizontal tab not allowed [-gnatyh]
dear_imgui-widgets.ads:517:01: (style) horizontal tab not allowed [-gnatyh]
dear_imgui-widgets.ads:518:01: (style) horizontal tab not allowed [-gnatyh]
dear_imgui-widgets.ads:519:01: (style) horizontal tab not allowed [-gnatyh]
dear_imgui-widgets.ads:520:01: (style) horizontal tab not allowed [-gnatyh]
dear_imgui-widgets.ads:521:01: (style) horizontal tab not allowed [-gnatyh]
dear_imgui-widgets.ads:522:01: (style) horizontal tab not allowed [-gnatyh]
dear_imgui-widgets.ads:524:01: (style) horizontal tab not allowed [-gnatyh]
dear_imgui-widgets.ads:525:01: (style) horizontal tab not allowed [-gnatyh]
dear_imgui-widgets.ads:526:01: (style) horizontal tab not allowed [-gnatyh]
dear_imgui-widgets.ads:528:01: (style) horizontal tab not allowed [-gnatyh]
dear_imgui-widgets.ads:529:01: (style) horizontal tab not allowed [-gnatyh]
dear_imgui-widgets.ads:530:01: (style) horizontal tab not allowed [-gnatyh]
dear_imgui-widgets.ads:532:01: (style) horizontal tab not allowed [-gnatyh]
dear_imgui-widgets.ads:533:01: (style) horizontal tab not allowed [-gnatyh]
dear_imgui-widgets.ads:534:01: (style) horizontal tab not allowed [-gnatyh]
dear_imgui-widgets.ads:535:01: (style) horizontal tab not allowed [-gnatyh]
dear_imgui-widgets.ads:535:48: (style) bad casing of "True" declared in Standard [-gnatyn]
dear_imgui-widgets.ads:536:01: (style) horizontal tab not allowed [-gnatyh]
dear_imgui-widgets.ads:537:01: (style) horizontal tab not allowed [-gnatyh]
dear_imgui-widgets.ads:539:01: (style) horizontal tab not allowed [-gnatyh]
dear_imgui-widgets.ads:540:01: (style) horizontal tab not allowed [-gnatyh]
dear_imgui-widgets.ads:541:01: (style) horizontal tab not allowed [-gnatyh]
dear_imgui-widgets.ads:543:01: (style) horizontal tab not allowed [-gnatyh]
dear_imgui-widgets.ads:544:01: (style) horizontal tab not allowed [-gnatyh]
dear_imgui-widgets.ads:545:01: (style) horizontal tab not allowed [-gnatyh]
dear_imgui-widgets.ads:546:01: (style) horizontal tab not allowed [-gnatyh]
dear_imgui-widgets.ads:547:01: (style) horizontal tab not allowed [-gnatyh]
dear_imgui-widgets.ads:547:49: (style) bad casing of "False" declared in Standard [-gnatyn]
dear_imgui-widgets.ads:548:01: (style) horizontal tab not allowed [-gnatyh]
dear_imgui-widgets.ads:548:49: (style) bad casing of "True" declared in Standard [-gnatyn]
dear_imgui-widgets.ads:549:01: (style) horizontal tab not allowed [-gnatyh]
dear_imgui-widgets.ads:550:01: (style) horizontal tab not allowed [-gnatyh]
dear_imgui-widgets.ads:552:01: (style) horizontal tab not allowed [-gnatyh]
dear_imgui-widgets.ads:553:01: (style) horizontal tab not allowed [-gnatyh]
dear_imgui-widgets.ads:554:01: (style) horizontal tab not allowed [-gnatyh]
dear_imgui-widgets.ads:555:01: (style) horizontal tab not allowed [-gnatyh]
dear_imgui-widgets.ads:556:01: (style) horizontal tab not allowed [-gnatyh]
dear_imgui-widgets.ads:557:01: (style) horizontal tab not allowed [-gnatyh]
dear_imgui-widgets.ads:557:55: (style) bad casing of "True" declared in Standard [-gnatyn]
dear_imgui-widgets.ads:558:01: (style) horizontal tab not allowed [-gnatyh]
dear_imgui-widgets.ads:559:01: (style) horizontal tab not allowed [-gnatyh]
dear_imgui-widgets.ads:561:01: (style) horizontal tab not allowed [-gnatyh]
dear_imgui-widgets.ads:562:01: (style) horizontal tab not allowed [-gnatyh]
dear_imgui-widgets.ads:563:01: (style) horizontal tab not allowed [-gnatyh]
dear_imgui-widgets.ads:564:01: (style) horizontal tab not allowed [-gnatyh]
dear_imgui-widgets.ads:565:01: (style) horizontal tab not allowed [-gnatyh]
dear_imgui-widgets.ads:566:01: (style) horizontal tab not allowed [-gnatyh]
dear_imgui-widgets.ads:567:01: (style) horizontal tab not allowed [-gnatyh]
dear_imgui-widgets.ads:568:01: (style) horizontal tab not allowed [-gnatyh]
dear_imgui-widgets.ads:570:01: (style) horizontal tab not allowed [-gnatyh]
dear_imgui-widgets.ads:571:01: (style) horizontal tab not allowed [-gnatyh]
dear_imgui-widgets.ads:572:01: (style) horizontal tab not allowed [-gnatyh]
dear_imgui-widgets.ads:573:01: (style) horizontal tab not allowed [-gnatyh]
dear_imgui-widgets.ads:574:01: (style) horizontal tab not allowed [-gnatyh]
dear_imgui-widgets.ads:575:01: (style) horizontal tab not allowed [-gnatyh]
dear_imgui-widgets.ads:577:01: (style) horizontal tab not allowed [-gnatyh]
dear_imgui-widgets.ads:578:01: (style) horizontal tab not allowed [-gnatyh]
dear_imgui-widgets.ads:579:01: (style) horizontal tab not allowed [-gnatyh]
dear_imgui-widgets.ads:580:01: (style) horizontal tab not allowed [-gnatyh]
dear_imgui-widgets.ads:581:01: (style) horizontal tab not allowed [-gnatyh]
dear_imgui-widgets.ads:582:01: (style) horizontal tab not allowed [-gnatyh]
dear_imgui-widgets.ads:584:01: (style) horizontal tab not allowed [-gnatyh]
dear_imgui-widgets.ads:585:01: (style) horizontal tab not allowed [-gnatyh]
dear_imgui-widgets.ads:586:01: (style) horizontal tab not allowed [-gnatyh]
dear_imgui-widgets.ads:588:01: (style) horizontal tab not allowed [-gnatyh]
dear_imgui-widgets.ads:589:01: (style) horizontal tab not allowed [-gnatyh]
dear_imgui-widgets.ads:590:01: (style) horizontal tab not allowed [-gnatyh]
dear_imgui-widgets.ads:591:01: (style) horizontal tab not allowed [-gnatyh]
dear_imgui-widgets.ads:592:01: (style) horizontal tab not allowed [-gnatyh]
dear_imgui-widgets.ads:593:01: (style) horizontal tab not allowed [-gnatyh]
dear_imgui-widgets.ads:594:01: (style) horizontal tab not allowed [-gnatyh]
dear_imgui-widgets.ads:596:01: (style) horizontal tab not allowed [-gnatyh]
dear_imgui-widgets.ads:597:01: (style) horizontal tab not allowed [-gnatyh]
dear_imgui-widgets.ads:598:01: (style) horizontal tab not allowed [-gnatyh]
dear_imgui-widgets.ads:599:01: (style) multiple blank lines [-gnatyu]
dear_imgui-widgets.ads:602:01: (style) horizontal tab not allowed [-gnatyh]
dear_imgui-widgets.ads:603:01: (style) horizontal tab not allowed [-gnatyh]
dear_imgui-widgets.ads:605:01: (style) horizontal tab not allowed [-gnatyh]
dear_imgui-widgets.ads:606:01: (style) horizontal tab not allowed [-gnatyh]
dear_imgui-widgets.ads:607:01: (style) horizontal tab not allowed [-gnatyh]
dear_imgui-widgets.ads:608:01: (style) horizontal tab not allowed [-gnatyh]
dear_imgui-widgets.ads:610:01: (style) horizontal tab not allowed [-gnatyh]
dear_imgui-widgets.ads:612:01: (style) horizontal tab not allowed [-gnatyh]
dear_imgui-widgets.ads:614:01: (style) horizontal tab not allowed [-gnatyh]
dear_imgui-widgets.ads:615:01: (style) multiple blank lines [-gnatyu]
dear_imgui-widgets.ads:618:01: (style) horizontal tab not allowed [-gnatyh]
dear_imgui-widgets.ads:619:01: (style) horizontal tab not allowed [-gnatyh]
dear_imgui-widgets.ads:621:01: (style) horizontal tab not allowed [-gnatyh]
dear_imgui-widgets.ads:622:01: (style) multiple blank lines [-gnatyu]
