dear_imgui-backend_opengl3.adb:2:01: (style) multiple blank lines [-gnatyu]
dear_imgui-backend_opengl3.adb:8:01: (style) multiple blank lines [-gnatyu]
dear_imgui-backend_opengl3.adb:11:01: (style) horizontal tab not allowed [-gnatyh]
dear_imgui-backend_opengl3.adb:12:01: (style) horizontal tab not allowed [-gnatyh]
dear_imgui-backend_opengl3.adb:13:01: (style) horizontal tab not allowed [-gnatyh]
dear_imgui-backend_opengl3.adb:13:09: warning: use clause for private type "T_Chars_Ptr" defined at dear_imgui.ads:75 has no effect [-gnatwu]
dear_imgui-backend_opengl3.adb:14:01: (style) multiple blank lines [-gnatyu]
dear_imgui-backend_opengl3.adb:17:01: (style) horizontal tab not allowed [-gnatyh]
dear_imgui-backend_opengl3.adb:18:01: (style) horizontal tab not allowed [-gnatyh]
dear_imgui-backend_opengl3.adb:19:01: (style) horizontal tab not allowed [-gnatyh]
dear_imgui-backend_opengl3.adb:20:01: (style) horizontal tab not allowed [-gnatyh]
dear_imgui-backend_opengl3.adb:22:01: (style) horizontal tab not allowed [-gnatyh]
dear_imgui-backend_opengl3.adb:23:01: (style) horizontal tab not allowed [-gnatyh]
dear_imgui-backend_opengl3.adb:24:01: (style) horizontal tab not allowed [-gnatyh]
dear_imgui-backend_opengl3.adb:26:01: (style) horizontal tab not allowed [-gnatyh]
dear_imgui-backend_opengl3.adb:28:01: (style) horizontal tab not allowed [-gnatyh]
dear_imgui-backend_opengl3.adb:29:01: (style) horizontal tab not allowed [-gnatyh]
dear_imgui-backend_opengl3.adb:31:01: (style) horizontal tab not allowed [-gnatyh]
dear_imgui-backend_opengl3.adb:32:01: (style) horizontal tab not allowed [-gnatyh]
dear_imgui-backend_opengl3.adb:34:01: (style) horizontal tab not allowed [-gnatyh]
dear_imgui-backend_opengl3.adb:36:01: (style) horizontal tab not allowed [-gnatyh]
dear_imgui-backend_opengl3.adb:38:01: (style) horizontal tab not allowed [-gnatyh]
dear_imgui-backend_opengl3.adb:40:01: (style) horizontal tab not allowed [-gnatyh]
dear_imgui-backend_opengl3.adb:42:01: (style) horizontal tab not allowed [-gnatyh]
dear_imgui-backend_opengl3.adb:43:01: (style) horizontal tab not allowed [-gnatyh]
dear_imgui-backend_opengl3.adb:44:01: (style) horizontal tab not allowed [-gnatyh]
dear_imgui-backend_opengl3.adb:45:01: (style) horizontal tab not allowed [-gnatyh]
dear_imgui-backend_opengl3.adb:47:01: (style) horizontal tab not allowed [-gnatyh]
dear_imgui-backend_opengl3.adb:48:01: (style) multiple blank lines [-gnatyu]
dear_imgui-backend_opengl3.ads:2:01: (style) multiple blank lines [-gnatyu]
dear_imgui-backend_opengl3.ads:8:01: (style) multiple blank lines [-gnatyu]
dear_imgui-backend_opengl3.ads:12:01: (style) horizontal tab not allowed [-gnatyh]
dear_imgui-backend_opengl3.ads:15:01: (style) multiple blank lines [-gnatyu]
dear_imgui-backend_opengl3.ads:18:01: (style) horizontal tab not allowed [-gnatyh]
dear_imgui-backend_opengl3.ads:19:01: (style) horizontal tab not allowed [-gnatyh]
dear_imgui-backend_opengl3.ads:20:01: (style) multiple blank lines [-gnatyu]
dear_imgui-backend_opengl3.ads:23:01: (style) horizontal tab not allowed [-gnatyh]
dear_imgui-backend_opengl3.ads:24:01: (style) horizontal tab not allowed [-gnatyh]
dear_imgui-backend_opengl3.ads:26:01: (style) horizontal tab not allowed [-gnatyh]
dear_imgui-backend_opengl3.ads:28:01: (style) horizontal tab not allowed [-gnatyh]
dear_imgui-backend_opengl3.ads:29:01: (style) horizontal tab not allowed [-gnatyh]
dear_imgui-backend_opengl3.ads:30:01: (style) horizontal tab not allowed [-gnatyh]
dear_imgui-backend_opengl3.ads:31:01: (style) horizontal tab not allowed [-gnatyh]
dear_imgui-backend_opengl3.ads:33:01: (style) horizontal tab not allowed [-gnatyh]
dear_imgui-backend_opengl3.ads:34:01: (style) horizontal tab not allowed [-gnatyh]
dear_imgui-backend_opengl3.ads:35:01: (style) horizontal tab not allowed [-gnatyh]
dear_imgui-backend_opengl3.ads:36:01: (style) horizontal tab not allowed [-gnatyh]
dear_imgui-backend_opengl3.ads:38:01: (style) horizontal tab not allowed [-gnatyh]
dear_imgui-backend_opengl3.ads:39:01: (style) horizontal tab not allowed [-gnatyh]
dear_imgui-backend_opengl3.ads:40:01: (style) horizontal tab not allowed [-gnatyh]
dear_imgui-backend_opengl3.ads:41:01: (style) horizontal tab not allowed [-gnatyh]
dear_imgui-backend_opengl3.ads:43:01: (style) horizontal tab not allowed [-gnatyh]
dear_imgui-backend_opengl3.ads:44:01: (style) horizontal tab not allowed [-gnatyh]
dear_imgui-backend_opengl3.ads:45:01: (style) horizontal tab not allowed [-gnatyh]
dear_imgui-backend_opengl3.ads:46:01: (style) horizontal tab not allowed [-gnatyh]
dear_imgui-backend_opengl3.ads:47:01: (style) horizontal tab not allowed [-gnatyh]
dear_imgui-backend_opengl3.ads:49:01: (style) horizontal tab not allowed [-gnatyh]
dear_imgui-backend_opengl3.ads:50:01: (style) horizontal tab not allowed [-gnatyh]
dear_imgui-backend_opengl3.ads:51:01: (style) horizontal tab not allowed [-gnatyh]
dear_imgui-backend_opengl3.ads:52:01: (style) horizontal tab not allowed [-gnatyh]
dear_imgui-backend_opengl3.ads:54:01: (style) horizontal tab not allowed [-gnatyh]
dear_imgui-backend_opengl3.ads:55:01: (style) horizontal tab not allowed [-gnatyh]
dear_imgui-backend_opengl3.ads:56:01: (style) horizontal tab not allowed [-gnatyh]
dear_imgui-backend_opengl3.ads:57:01: (style) horizontal tab not allowed [-gnatyh]
dear_imgui-backend_opengl3.ads:59:01: (style) horizontal tab not allowed [-gnatyh]
dear_imgui-backend_opengl3.ads:60:01: (style) horizontal tab not allowed [-gnatyh]
dear_imgui-backend_opengl3.ads:61:01: (style) horizontal tab not allowed [-gnatyh]
dear_imgui-backend_opengl3.ads:62:01: (style) horizontal tab not allowed [-gnatyh]
dear_imgui-backend_opengl3.ads:63:01: (style) multiple blank lines [-gnatyu]
dear_imgui-backend_opengl3.ads:67:01: (style) multiple blank lines [-gnatyu]
dear_imgui-backend_opengl3.ads:70:07: (style) space required [-gnatyc]
dear_imgui-backend_opengl3.ads:71:01: (style) horizontal tab not allowed [-gnatyh]
dear_imgui-backend_opengl3.ads:72:01: (style) multiple blank lines [-gnatyu]
dear_imgui-backend_opengl3.ads:75:07: (style) space required [-gnatyc]
dear_imgui-backend_opengl3.ads:76:03: (style) horizontal tab not allowed [-gnatyh]
dear_imgui-backend_opengl3.ads:77:01: (style) horizontal tab not allowed [-gnatyh]
dear_imgui-backend_opengl3.ads:78:01: (style) horizontal tab not allowed [-gnatyh]
dear_imgui-backend_opengl3.ads:79:01: (style) horizontal tab not allowed [-gnatyh]
dear_imgui-backend_opengl3.ads:80:01: (style) multiple blank lines [-gnatyu]
