dear_imgui-windows.adb:2:01: (style) multiple blank lines [-gnatyu]
dear_imgui-windows.adb:8:01: (style) multiple blank lines [-gnatyu]
dear_imgui-windows.adb:11:01: (style) horizontal tab not allowed [-gnatyh]
dear_imgui-windows.adb:12:01: (style) horizontal tab not allowed [-gnatyh]
dear_imgui-windows.adb:13:01: (style) horizontal tab not allowed [-gnatyh]
dear_imgui-windows.adb:14:01: (style) horizontal tab not allowed [-gnatyh]
dear_imgui-windows.adb:15:01: (style) horizontal tab not allowed [-gnatyh]
dear_imgui-windows.adb:16:01: (style) horizontal tab not allowed [-gnatyh]
dear_imgui-windows.adb:17:01: (style) horizontal tab not allowed [-gnatyh]
dear_imgui-windows.adb:19:01: (style) horizontal tab not allowed [-gnatyh]
dear_imgui-windows.adb:21:01: (style) horizontal tab not allowed [-gnatyh]
dear_imgui-windows.adb:23:01: (style) horizontal tab not allowed [-gnatyh]
dear_imgui-windows.adb:24:01: (style) horizontal tab not allowed [-gnatyh]
dear_imgui-windows.adb:25:01: (style) horizontal tab not allowed [-gnatyh]
dear_imgui-windows.adb:26:01: (style) horizontal tab not allowed [-gnatyh]
dear_imgui-windows.adb:27:01: (style) horizontal tab not allowed [-gnatyh]
dear_imgui-windows.adb:28:01: (style) horizontal tab not allowed [-gnatyh]
dear_imgui-windows.adb:30:01: (style) horizontal tab not allowed [-gnatyh]
dear_imgui-windows.adb:31:01: (style) horizontal tab not allowed [-gnatyh]
dear_imgui-windows.adb:31:59: (style) bad casing of "True" declared in Standard [-gnatyn]
dear_imgui-windows.adb:33:01: (style) horizontal tab not allowed [-gnatyh]
dear_imgui-windows.adb:35:01: (style) horizontal tab not allowed [-gnatyh]
dear_imgui-windows.adb:36:01: (style) horizontal tab not allowed [-gnatyh]
dear_imgui-windows.adb:38:01: (style) horizontal tab not allowed [-gnatyh]
dear_imgui-windows.adb:40:01: (style) horizontal tab not allowed [-gnatyh]
dear_imgui-windows.adb:42:01: (style) horizontal tab not allowed [-gnatyh]
dear_imgui-windows.adb:43:01: (style) horizontal tab not allowed [-gnatyh]
dear_imgui-windows.adb:44:01: (style) horizontal tab not allowed [-gnatyh]
dear_imgui-windows.adb:46:01: (style) horizontal tab not allowed [-gnatyh]
dear_imgui-windows.adb:48:01: (style) horizontal tab not allowed [-gnatyh]
dear_imgui-windows.adb:50:01: (style) horizontal tab not allowed [-gnatyh]
dear_imgui-windows.adb:52:01: (style) horizontal tab not allowed [-gnatyh]
dear_imgui-windows.adb:54:01: (style) horizontal tab not allowed [-gnatyh]
dear_imgui-windows.adb:55:01: (style) horizontal tab not allowed [-gnatyh]
dear_imgui-windows.adb:56:01: (style) horizontal tab not allowed [-gnatyh]
dear_imgui-windows.adb:57:01: (style) horizontal tab not allowed [-gnatyh]
dear_imgui-windows.adb:58:01: (style) horizontal tab not allowed [-gnatyh]
dear_imgui-windows.adb:59:01: (style) horizontal tab not allowed [-gnatyh]
dear_imgui-windows.adb:60:01: (style) horizontal tab not allowed [-gnatyh]
dear_imgui-windows.adb:61:01: (style) horizontal tab not allowed [-gnatyh]
dear_imgui-windows.adb:62:01: (style) horizontal tab not allowed [-gnatyh]
dear_imgui-windows.adb:64:01: (style) horizontal tab not allowed [-gnatyh]
dear_imgui-windows.adb:66:01: (style) horizontal tab not allowed [-gnatyh]
dear_imgui-windows.adb:68:01: (style) horizontal tab not allowed [-gnatyh]
dear_imgui-windows.adb:69:01: (style) horizontal tab not allowed [-gnatyh]
dear_imgui-windows.adb:70:01: (style) horizontal tab not allowed [-gnatyh]
dear_imgui-windows.adb:71:01: (style) horizontal tab not allowed [-gnatyh]
dear_imgui-windows.adb:72:01: (style) horizontal tab not allowed [-gnatyh]
dear_imgui-windows.adb:73:01: (style) horizontal tab not allowed [-gnatyh]
dear_imgui-windows.adb:74:01: (style) horizontal tab not allowed [-gnatyh]
dear_imgui-windows.adb:76:01: (style) horizontal tab not allowed [-gnatyh]
dear_imgui-windows.adb:78:01: (style) horizontal tab not allowed [-gnatyh]
dear_imgui-windows.adb:79:01: (style) multiple blank lines [-gnatyu]
dear_imgui-windows.adb:82:04: (style) space required [-gnatyc]
dear_imgui-windows.adb:83:01: (style) multiple blank lines [-gnatyu]
dear_imgui-windows.adb:86:01: (style) horizontal tab not allowed [-gnatyh]
dear_imgui-windows.adb:87:01: (style) horizontal tab not allowed [-gnatyh]
dear_imgui-windows.adb:88:01: (style) horizontal tab not allowed [-gnatyh]
dear_imgui-windows.adb:89:01: (style) horizontal tab not allowed [-gnatyh]
dear_imgui-windows.adb:90:01: (style) horizontal tab not allowed [-gnatyh]
dear_imgui-windows.adb:91:01: (style) horizontal tab not allowed [-gnatyh]
dear_imgui-windows.adb:92:01: (style) horizontal tab not allowed [-gnatyh]
dear_imgui-windows.adb:93:01: (style) horizontal tab not allowed [-gnatyh]
dear_imgui-windows.adb:95:01: (style) horizontal tab not allowed [-gnatyh]
dear_imgui-windows.adb:97:01: (style) horizontal tab not allowed [-gnatyh]
dear_imgui-windows.adb:99:01: (style) horizontal tab not allowed [-gnatyh]
dear_imgui-windows.adb:100:01: (style) multiple blank lines [-gnatyu]
dear_imgui-windows.ads:2:01: (style) multiple blank lines [-gnatyu]
dear_imgui-windows.ads:8:01: (style) multiple blank lines [-gnatyu]
dear_imgui-windows.ads:13:01: (style) horizontal tab not allowed [-gnatyh]
dear_imgui-windows.ads:16:01: (style) multiple blank lines [-gnatyu]
dear_imgui-windows.ads:19:01: (style) horizontal tab not allowed [-gnatyh]
dear_imgui-windows.ads:20:01: (style) horizontal tab not allowed [-gnatyh]
dear_imgui-windows.ads:21:01: (style) multiple blank lines [-gnatyu]
dear_imgui-windows.ads:24:01: (style) horizontal tab not allowed [-gnatyh]
dear_imgui-windows.ads:25:01: (style) horizontal tab not allowed [-gnatyh]
dear_imgui-windows.ads:26:01: (style) horizontal tab not allowed [-gnatyh]
dear_imgui-windows.ads:27:01: (style) horizontal tab not allowed [-gnatyh]
dear_imgui-windows.ads:28:01: (style) horizontal tab not allowed [-gnatyh]
dear_imgui-windows.ads:29:01: (style) horizontal tab not allowed [-gnatyh]
dear_imgui-windows.ads:30:01: (style) horizontal tab not allowed [-gnatyh]
dear_imgui-windows.ads:31:01: (style) horizontal tab not allowed [-gnatyh]
dear_imgui-windows.ads:32:01: (style) horizontal tab not allowed [-gnatyh]
dear_imgui-windows.ads:33:01: (style) horizontal tab not allowed [-gnatyh]
dear_imgui-windows.ads:34:01: (style) horizontal tab not allowed [-gnatyh]
dear_imgui-windows.ads:35:01: (style) horizontal tab not allowed [-gnatyh]
dear_imgui-windows.ads:37:01: (style) horizontal tab not allowed [-gnatyh]
dear_imgui-windows.ads:38:01: (style) horizontal tab not allowed [-gnatyh]
dear_imgui-windows.ads:39:01: (style) horizontal tab not allowed [-gnatyh]
dear_imgui-windows.ads:40:01: (style) horizontal tab not allowed [-gnatyh]
dear_imgui-windows.ads:41:01: (style) horizontal tab not allowed [-gnatyh]
dear_imgui-windows.ads:42:01: (style) horizontal tab not allowed [-gnatyh]
dear_imgui-windows.ads:43:01: (style) horizontal tab not allowed [-gnatyh]
dear_imgui-windows.ads:44:01: (style) horizontal tab not allowed [-gnatyh]
dear_imgui-windows.ads:45:01: (style) horizontal tab not allowed [-gnatyh]
dear_imgui-windows.ads:46:01: (style) horizontal tab not allowed [-gnatyh]
dear_imgui-windows.ads:47:01: (style) horizontal tab not allowed [-gnatyh]
dear_imgui-windows.ads:48:01: (style) horizontal tab not allowed [-gnatyh]
dear_imgui-windows.ads:49:01: (style) horizontal tab not allowed [-gnatyh]
dear_imgui-windows.ads:51:01: (style) horizontal tab not allowed [-gnatyh]
dear_imgui-windows.ads:52:01: (style) horizontal tab not allowed [-gnatyh]
dear_imgui-windows.ads:53:01: (style) horizontal tab not allowed [-gnatyh]
dear_imgui-windows.ads:54:01: (style) horizontal tab not allowed [-gnatyh]
dear_imgui-windows.ads:55:01: (style) horizontal tab not allowed [-gnatyh]
dear_imgui-windows.ads:57:01: (style) horizontal tab not allowed [-gnatyh]
dear_imgui-windows.ads:58:01: (style) horizontal tab not allowed [-gnatyh]
dear_imgui-windows.ads:59:01: (style) horizontal tab not allowed [-gnatyh]
dear_imgui-windows.ads:60:01: (style) horizontal tab not allowed [-gnatyh]
dear_imgui-windows.ads:61:01: (style) horizontal tab not allowed [-gnatyh]
dear_imgui-windows.ads:62:01: (style) horizontal tab not allowed [-gnatyh]
dear_imgui-windows.ads:63:01: (style) horizontal tab not allowed [-gnatyh]
dear_imgui-windows.ads:64:01: (style) horizontal tab not allowed [-gnatyh]
dear_imgui-windows.ads:65:01: (style) horizontal tab not allowed [-gnatyh]
dear_imgui-windows.ads:66:01: (style) horizontal tab not allowed [-gnatyh]
dear_imgui-windows.ads:67:01: (style) horizontal tab not allowed [-gnatyh]
dear_imgui-windows.ads:68:01: (style) horizontal tab not allowed [-gnatyh]
dear_imgui-windows.ads:69:01: (style) horizontal tab not allowed [-gnatyh]
dear_imgui-windows.ads:71:01: (style) horizontal tab not allowed [-gnatyh]
dear_imgui-windows.ads:72:01: (style) horizontal tab not allowed [-gnatyh]
dear_imgui-windows.ads:73:01: (style) horizontal tab not allowed [-gnatyh]
dear_imgui-windows.ads:74:01: (style) horizontal tab not allowed [-gnatyh]
dear_imgui-windows.ads:75:01: (style) horizontal tab not allowed [-gnatyh]
dear_imgui-windows.ads:76:01: (style) horizontal tab not allowed [-gnatyh]
dear_imgui-windows.ads:77:01: (style) horizontal tab not allowed [-gnatyh]
dear_imgui-windows.ads:78:01: (style) horizontal tab not allowed [-gnatyh]
dear_imgui-windows.ads:79:01: (style) horizontal tab not allowed [-gnatyh]
dear_imgui-windows.ads:80:01: (style) multiple blank lines [-gnatyu]
dear_imgui-windows.ads:84:01: (style) multiple blank lines [-gnatyu]
dear_imgui-windows.ads:87:01: (style) horizontal tab not allowed [-gnatyh]
dear_imgui-windows.ads:88:01: (style) horizontal tab not allowed [-gnatyh]
dear_imgui-windows.ads:89:01: (style) horizontal tab not allowed [-gnatyh]
dear_imgui-windows.ads:90:01: (style) horizontal tab not allowed [-gnatyh]
dear_imgui-windows.ads:91:01: (style) horizontal tab not allowed [-gnatyh]
dear_imgui-windows.ads:92:01: (style) horizontal tab not allowed [-gnatyh]
dear_imgui-windows.ads:93:01: (style) horizontal tab not allowed [-gnatyh]
dear_imgui-windows.ads:95:01: (style) horizontal tab not allowed [-gnatyh]
dear_imgui-windows.ads:96:01: (style) horizontal tab not allowed [-gnatyh]
dear_imgui-windows.ads:97:01: (style) horizontal tab not allowed [-gnatyh]
dear_imgui-windows.ads:98:01: (style) horizontal tab not allowed [-gnatyh]
dear_imgui-windows.ads:99:01: (style) horizontal tab not allowed [-gnatyh]
dear_imgui-windows.ads:100:01: (style) horizontal tab not allowed [-gnatyh]
dear_imgui-windows.ads:101:01: (style) horizontal tab not allowed [-gnatyh]
dear_imgui-windows.ads:103:01: (style) horizontal tab not allowed [-gnatyh]
dear_imgui-windows.ads:104:01: (style) horizontal tab not allowed [-gnatyh]
dear_imgui-windows.ads:105:01: (style) horizontal tab not allowed [-gnatyh]
dear_imgui-windows.ads:107:01: (style) horizontal tab not allowed [-gnatyh]
dear_imgui-windows.ads:108:01: (style) horizontal tab not allowed [-gnatyh]
dear_imgui-windows.ads:109:01: (style) horizontal tab not allowed [-gnatyh]
dear_imgui-windows.ads:110:01: (style) horizontal tab not allowed [-gnatyh]
dear_imgui-windows.ads:111:01: (style) horizontal tab not allowed [-gnatyh]
dear_imgui-windows.ads:112:01: (style) horizontal tab not allowed [-gnatyh]
dear_imgui-windows.ads:114:01: (style) horizontal tab not allowed [-gnatyh]
dear_imgui-windows.ads:115:01: (style) horizontal tab not allowed [-gnatyh]
dear_imgui-windows.ads:116:01: (style) horizontal tab not allowed [-gnatyh]
dear_imgui-windows.ads:117:01: (style) horizontal tab not allowed [-gnatyh]
dear_imgui-windows.ads:118:01: (style) horizontal tab not allowed [-gnatyh]
dear_imgui-windows.ads:119:01: (style) multiple blank lines [-gnatyu]
