dear_imgui.adb:1:31: (style) horizontal tab not allowed [-gnatyh]
dear_imgui.adb:2:01: (style) multiple blank lines [-gnatyu]
dear_imgui.adb:7:01: (style) multiple blank lines [-gnatyu]
dear_imgui.adb:10:01: (style) multiple blank lines [-gnatyu]
dear_imgui.adb:13:04: (style) space required [-gnatyc]
dear_imgui.adb:15:01: (style) horizontal tab not allowed [-gnatyh]
dear_imgui.adb:16:01: (style) horizontal tab not allowed [-gnatyh]
dear_imgui.adb:17:01: (style) multiple blank lines [-gnatyu]
dear_imgui.adb:20:01: (style) horizontal tab not allowed [-gnatyh]
dear_imgui.adb:21:01: (style) horizontal tab not allowed [-gnatyh]
dear_imgui.adb:22:01: (style) horizontal tab not allowed [-gnatyh]
dear_imgui.adb:23:01: (style) horizontal tab not allowed [-gnatyh]
dear_imgui.adb:24:01: (style) horizontal tab not allowed [-gnatyh]
dear_imgui.adb:25:01: (style) horizontal tab not allowed [-gnatyh]
dear_imgui.adb:27:01: (style) horizontal tab not allowed [-gnatyh]
dear_imgui.adb:29:01: (style) horizontal tab not allowed [-gnatyh]
dear_imgui.adb:31:01: (style) horizontal tab not allowed [-gnatyh]
dear_imgui.adb:32:01: (style) horizontal tab not allowed [-gnatyh]
dear_imgui.adb:33:01: (style) horizontal tab not allowed [-gnatyh]
dear_imgui.adb:35:01: (style) horizontal tab not allowed [-gnatyh]
dear_imgui.adb:36:01: (style) horizontal tab not allowed [-gnatyh]
dear_imgui.adb:37:01: (style) horizontal tab not allowed [-gnatyh]
dear_imgui.adb:38:01: (style) horizontal tab not allowed [-gnatyh]
dear_imgui.adb:39:01: (style) horizontal tab not allowed [-gnatyh]
dear_imgui.adb:39:39: (style) bad casing of "True" declared in Standard [-gnatyn]
dear_imgui.adb:40:01: (style) horizontal tab not allowed [-gnatyh]
dear_imgui.adb:42:01: (style) horizontal tab not allowed [-gnatyh]
dear_imgui.adb:43:01: (style) horizontal tab not allowed [-gnatyh]
dear_imgui.adb:44:01: (style) horizontal tab not allowed [-gnatyh]
dear_imgui.adb:46:01: (style) horizontal tab not allowed [-gnatyh]
dear_imgui.adb:48:01: (style) horizontal tab not allowed [-gnatyh]
dear_imgui.adb:49:01: (style) horizontal tab not allowed [-gnatyh]
dear_imgui.adb:51:01: (style) horizontal tab not allowed [-gnatyh]
dear_imgui.adb:52:01: (style) horizontal tab not allowed [-gnatyh]
dear_imgui.adb:53:01: (style) horizontal tab not allowed [-gnatyh]
dear_imgui.adb:54:01: (style) horizontal tab not allowed [-gnatyh]
dear_imgui.adb:56:01: (style) horizontal tab not allowed [-gnatyh]
dear_imgui.adb:58:01: (style) horizontal tab not allowed [-gnatyh]
dear_imgui.adb:60:01: (style) horizontal tab not allowed [-gnatyh]
dear_imgui.adb:62:01: (style) horizontal tab not allowed [-gnatyh]
dear_imgui.adb:64:01: (style) horizontal tab not allowed [-gnatyh]
dear_imgui.adb:65:01: (style) horizontal tab not allowed [-gnatyh]
dear_imgui.adb:66:01: (style) horizontal tab not allowed [-gnatyh]
dear_imgui.adb:68:01: (style) horizontal tab not allowed [-gnatyh]
dear_imgui.adb:69:01: (style) horizontal tab not allowed [-gnatyh]
dear_imgui.adb:70:01: (style) horizontal tab not allowed [-gnatyh]
dear_imgui.adb:72:01: (style) horizontal tab not allowed [-gnatyh]
dear_imgui.adb:73:01: (style) multiple blank lines [-gnatyu]
dear_imgui.adb:77:01: (style) multiple blank lines [-gnatyu]
dear_imgui.adb:80:01: (style) horizontal tab not allowed [-gnatyh]
dear_imgui.adb:81:01: (style) horizontal tab not allowed [-gnatyh]
dear_imgui.adb:82:01: (style) horizontal tab not allowed [-gnatyh]
dear_imgui.adb:83:01: (style) horizontal tab not allowed [-gnatyh]
dear_imgui.adb:84:01: (style) horizontal tab not allowed [-gnatyh]
dear_imgui.adb:85:01: (style) multiple blank lines [-gnatyu]
dear_imgui.ads:1:31: (style) horizontal tab not allowed [-gnatyh]
dear_imgui.ads:2:01: (style) multiple blank lines [-gnatyu]
dear_imgui.ads:9:01: (style) multiple blank lines [-gnatyu]
dear_imgui.ads:15:01: (style) horizontal tab not allowed [-gnatyh]
dear_imgui.ads:18:01: (style) multiple blank lines [-gnatyu]
dear_imgui.ads:21:01: (style) horizontal tab not allowed [-gnatyh]
dear_imgui.ads:22:01: (style) horizontal tab not allowed [-gnatyh]
dear_imgui.ads:24:01: (style) horizontal tab not allowed [-gnatyh]
dear_imgui.ads:25:01: (style) horizontal tab not allowed [-gnatyh]
dear_imgui.ads:26:01: (style) horizontal tab not allowed [-gnatyh]
dear_imgui.ads:27:01: (style) horizontal tab not allowed [-gnatyh]
dear_imgui.ads:28:01: (style) multiple blank lines [-gnatyu]
dear_imgui.ads:31:01: (style) horizontal tab not allowed [-gnatyh]
dear_imgui.ads:32:01: (style) horizontal tab not allowed [-gnatyh]
dear_imgui.ads:33:01: (style) horizontal tab not allowed [-gnatyh]
dear_imgui.ads:35:01: (style) horizontal tab not allowed [-gnatyh]
dear_imgui.ads:36:01: (style) horizontal tab not allowed [-gnatyh]
dear_imgui.ads:38:01: (style) horizontal tab not allowed [-gnatyh]
dear_imgui.ads:39:01: (style) horizontal tab not allowed [-gnatyh]
dear_imgui.ads:41:01: (style) horizontal tab not allowed [-gnatyh]
dear_imgui.ads:43:01: (style) horizontal tab not allowed [-gnatyh]
dear_imgui.ads:44:01: (style) multiple blank lines [-gnatyu]
dear_imgui.ads:46:01: (style) horizontal tab not allowed [-gnatyh]
dear_imgui.ads:47:01: (style) horizontal tab not allowed [-gnatyh]
dear_imgui.ads:48:01: (style) horizontal tab not allowed [-gnatyh]
dear_imgui.ads:49:01: (style) horizontal tab not allowed [-gnatyh]
dear_imgui.ads:51:01: (style) horizontal tab not allowed [-gnatyh]
dear_imgui.ads:52:01: (style) horizontal tab not allowed [-gnatyh]
dear_imgui.ads:53:01: (style) horizontal tab not allowed [-gnatyh]
dear_imgui.ads:55:01: (style) horizontal tab not allowed [-gnatyh]
dear_imgui.ads:56:01: (style) multiple blank lines [-gnatyu]
dear_imgui.ads:60:01: (style) multiple blank lines [-gnatyu]
dear_imgui.ads:63:01: (style) horizontal tab not allowed [-gnatyh]
dear_imgui.ads:64:01: (style) horizontal tab not allowed [-gnatyh]
dear_imgui.ads:65:01: (style) multiple blank lines [-gnatyu]
dear_imgui.ads:68:01: (style) horizontal tab not allowed [-gnatyh]
dear_imgui.ads:69:01: (style) horizontal tab not allowed [-gnatyh]
dear_imgui.ads:70:01: (style) horizontal tab not allowed [-gnatyh]
dear_imgui.ads:71:01: (style) multiple blank lines [-gnatyu]
dear_imgui.ads:74:01: (style) horizontal tab not allowed [-gnatyh]
dear_imgui.ads:75:01: (style) horizontal tab not allowed [-gnatyh]
dear_imgui.ads:77:01: (style) horizontal tab not allowed [-gnatyh]
dear_imgui.ads:78:01: (style) horizontal tab not allowed [-gnatyh]
dear_imgui.ads:79:01: (style) multiple blank lines [-gnatyu]
dear_imgui.ads:82:01: (style) horizontal tab not allowed [-gnatyh]
dear_imgui.ads:83:01: (style) horizontal tab not allowed [-gnatyh]
dear_imgui.ads:84:01: (style) horizontal tab not allowed [-gnatyh]
dear_imgui.ads:85:01: (style) horizontal tab not allowed [-gnatyh]
dear_imgui.ads:86:01: (style) horizontal tab not allowed [-gnatyh]
dear_imgui.ads:87:01: (style) horizontal tab not allowed [-gnatyh]
dear_imgui.ads:88:01: (style) horizontal tab not allowed [-gnatyh]
dear_imgui.ads:89:01: (style) horizontal tab not allowed [-gnatyh]
dear_imgui.ads:90:01: (style) horizontal tab not allowed [-gnatyh]
dear_imgui.ads:91:01: (style) horizontal tab not allowed [-gnatyh]
dear_imgui.ads:93:01: (style) horizontal tab not allowed [-gnatyh]
dear_imgui.ads:94:01: (style) horizontal tab not allowed [-gnatyh]
dear_imgui.ads:95:01: (style) horizontal tab not allowed [-gnatyh]
dear_imgui.ads:96:01: (style) horizontal tab not allowed [-gnatyh]
dear_imgui.ads:97:01: (style) horizontal tab not allowed [-gnatyh]
dear_imgui.ads:98:01: (style) horizontal tab not allowed [-gnatyh]
dear_imgui.ads:99:01: (style) horizontal tab not allowed [-gnatyh]
dear_imgui.ads:100:01: (style) horizontal tab not allowed [-gnatyh]
dear_imgui.ads:102:01: (style) horizontal tab not allowed [-gnatyh]
dear_imgui.ads:103:01: (style) horizontal tab not allowed [-gnatyh]
dear_imgui.ads:104:01: (style) horizontal tab not allowed [-gnatyh]
dear_imgui.ads:105:01: (style) horizontal tab not allowed [-gnatyh]
dear_imgui.ads:106:01: (style) horizontal tab not allowed [-gnatyh]
dear_imgui.ads:107:01: (style) multiple blank lines [-gnatyu]
dear_imgui.ads:110:01: (style) horizontal tab not allowed [-gnatyh]
dear_imgui.ads:111:01: (style) horizontal tab not allowed [-gnatyh]
dear_imgui.ads:112:01: (style) multiple blank lines [-gnatyu]
dear_imgui.ads:115:01: (style) horizontal tab not allowed [-gnatyh]
dear_imgui.ads:116:01: (style) horizontal tab not allowed [-gnatyh]
dear_imgui.ads:117:01: (style) multiple blank lines [-gnatyu]
dear_imgui.ads:120:01: (style) horizontal tab not allowed [-gnatyh]
dear_imgui.ads:121:01: (style) horizontal tab not allowed [-gnatyh]
dear_imgui.ads:122:01: (style) horizontal tab not allowed [-gnatyh]
dear_imgui.ads:124:01: (style) horizontal tab not allowed [-gnatyh]
dear_imgui.ads:125:01: (style) multiple blank lines [-gnatyu]
