dear_imgui-inputs.adb:2:01: (style) multiple blank lines [-gnatyu]
dear_imgui-inputs.adb:8:01: (style) multiple blank lines [-gnatyu]
dear_imgui-inputs.adb:11:01: (style) horizontal tab not allowed [-gnatyh]
dear_imgui-inputs.adb:12:01: (style) horizontal tab not allowed [-gnatyh]
dear_imgui-inputs.adb:12:13: warning: "P_Types" is already use-visible through previous use_clause at dear_imgui-inputs.ads:21 [-gnatwr]
dear_imgui-inputs.adb:13:01: (style) multiple blank lines [-gnatyu]
dear_imgui-inputs.adb:16:01: (style) horizontal tab not allowed [-gnatyh]
dear_imgui-inputs.adb:17:01: (style) horizontal tab not allowed [-gnatyh]
dear_imgui-inputs.adb:18:01: (style) horizontal tab not allowed [-gnatyh]
dear_imgui-inputs.adb:19:01: (style) horizontal tab not allowed [-gnatyh]
dear_imgui-inputs.adb:20:01: (style) horizontal tab not allowed [-gnatyh]
dear_imgui-inputs.adb:21:01: (style) horizontal tab not allowed [-gnatyh]
dear_imgui-inputs.adb:22:01: (style) horizontal tab not allowed [-gnatyh]
dear_imgui-inputs.adb:23:01: (style) horizontal tab not allowed [-gnatyh]
dear_imgui-inputs.adb:24:01: (style) horizontal tab not allowed [-gnatyh]
dear_imgui-inputs.adb:26:01: (style) horizontal tab not allowed [-gnatyh]
dear_imgui-inputs.adb:28:01: (style) horizontal tab not allowed [-gnatyh]
dear_imgui-inputs.adb:30:01: (style) horizontal tab not allowed [-gnatyh]
dear_imgui-inputs.adb:31:01: (style) horizontal tab not allowed [-gnatyh]
dear_imgui-inputs.adb:32:01: (style) horizontal tab not allowed [-gnatyh]
dear_imgui-inputs.adb:33:01: (style) horizontal tab not allowed [-gnatyh]
dear_imgui-inputs.adb:34:01: (style) horizontal tab not allowed [-gnatyh]
dear_imgui-inputs.adb:35:01: (style) horizontal tab not allowed [-gnatyh]
dear_imgui-inputs.adb:37:01: (style) horizontal tab not allowed [-gnatyh]
dear_imgui-inputs.adb:39:01: (style) horizontal tab not allowed [-gnatyh]
dear_imgui-inputs.adb:41:01: (style) horizontal tab not allowed [-gnatyh]
dear_imgui-inputs.adb:42:01: (style) horizontal tab not allowed [-gnatyh]
dear_imgui-inputs.adb:43:01: (style) horizontal tab not allowed [-gnatyh]
dear_imgui-inputs.adb:44:01: (style) horizontal tab not allowed [-gnatyh]
dear_imgui-inputs.adb:45:01: (style) horizontal tab not allowed [-gnatyh]
dear_imgui-inputs.adb:46:01: (style) horizontal tab not allowed [-gnatyh]
dear_imgui-inputs.adb:48:01: (style) horizontal tab not allowed [-gnatyh]
dear_imgui-inputs.adb:48:43: (style) bad casing of "Float" declared in Standard [-gnatyn]
dear_imgui-inputs.adb:48:58: (style) bad casing of "Float" declared in Standard [-gnatyn]
dear_imgui-inputs.adb:50:01: (style) horizontal tab not allowed [-gnatyh]
dear_imgui-inputs.adb:52:01: (style) horizontal tab not allowed [-gnatyh]
dear_imgui-inputs.adb:53:01: (style) horizontal tab not allowed [-gnatyh]
dear_imgui-inputs.adb:54:01: (style) horizontal tab not allowed [-gnatyh]
dear_imgui-inputs.adb:55:01: (style) horizontal tab not allowed [-gnatyh]
dear_imgui-inputs.adb:56:01: (style) horizontal tab not allowed [-gnatyh]
dear_imgui-inputs.adb:57:01: (style) horizontal tab not allowed [-gnatyh]
dear_imgui-inputs.adb:58:01: (style) horizontal tab not allowed [-gnatyh]
dear_imgui-inputs.adb:60:01: (style) horizontal tab not allowed [-gnatyh]
dear_imgui-inputs.adb:62:01: (style) horizontal tab not allowed [-gnatyh]
dear_imgui-inputs.adb:64:01: (style) horizontal tab not allowed [-gnatyh]
dear_imgui-inputs.adb:65:01: (style) horizontal tab not allowed [-gnatyh]
dear_imgui-inputs.adb:66:01: (style) horizontal tab not allowed [-gnatyh]
dear_imgui-inputs.adb:67:01: (style) horizontal tab not allowed [-gnatyh]
dear_imgui-inputs.adb:68:01: (style) horizontal tab not allowed [-gnatyh]
dear_imgui-inputs.adb:69:01: (style) horizontal tab not allowed [-gnatyh]
dear_imgui-inputs.adb:71:01: (style) horizontal tab not allowed [-gnatyh]
dear_imgui-inputs.adb:73:01: (style) horizontal tab not allowed [-gnatyh]
dear_imgui-inputs.adb:75:01: (style) horizontal tab not allowed [-gnatyh]
dear_imgui-inputs.adb:76:01: (style) horizontal tab not allowed [-gnatyh]
dear_imgui-inputs.adb:77:01: (style) horizontal tab not allowed [-gnatyh]
dear_imgui-inputs.adb:78:01: (style) horizontal tab not allowed [-gnatyh]
dear_imgui-inputs.adb:79:01: (style) horizontal tab not allowed [-gnatyh]
dear_imgui-inputs.adb:80:01: (style) horizontal tab not allowed [-gnatyh]
dear_imgui-inputs.adb:81:01: (style) horizontal tab not allowed [-gnatyh]
dear_imgui-inputs.adb:83:01: (style) horizontal tab not allowed [-gnatyh]
dear_imgui-inputs.adb:85:01: (style) horizontal tab not allowed [-gnatyh]
dear_imgui-inputs.adb:85:30: (style) bad casing of "Add_Mouse_Button_Event" declared at dear_imgui-inputs.ads:68 [-gnatyr]
dear_imgui-inputs.adb:87:01: (style) horizontal tab not allowed [-gnatyh]
dear_imgui-inputs.adb:88:01: (style) horizontal tab not allowed [-gnatyh]
dear_imgui-inputs.adb:89:01: (style) horizontal tab not allowed [-gnatyh]
dear_imgui-inputs.adb:90:01: (style) horizontal tab not allowed [-gnatyh]
dear_imgui-inputs.adb:91:01: (style) horizontal tab not allowed [-gnatyh]
dear_imgui-inputs.adb:92:01: (style) horizontal tab not allowed [-gnatyh]
dear_imgui-inputs.adb:94:01: (style) horizontal tab not allowed [-gnatyh]
dear_imgui-inputs.adb:96:01: (style) horizontal tab not allowed [-gnatyh]
dear_imgui-inputs.adb:98:01: (style) horizontal tab not allowed [-gnatyh]
dear_imgui-inputs.adb:99:01: (style) horizontal tab not allowed [-gnatyh]
dear_imgui-inputs.adb:100:01: (style) horizontal tab not allowed [-gnatyh]
dear_imgui-inputs.adb:101:01: (style) horizontal tab not allowed [-gnatyh]
dear_imgui-inputs.adb:102:01: (style) horizontal tab not allowed [-gnatyh]
dear_imgui-inputs.adb:103:01: (style) horizontal tab not allowed [-gnatyh]
dear_imgui-inputs.adb:105:01: (style) horizontal tab not allowed [-gnatyh]
dear_imgui-inputs.adb:107:01: (style) horizontal tab not allowed [-gnatyh]
dear_imgui-inputs.adb:109:01: (style) horizontal tab not allowed [-gnatyh]
dear_imgui-inputs.adb:110:01: (style) horizontal tab not allowed [-gnatyh]
dear_imgui-inputs.adb:111:01: (style) horizontal tab not allowed [-gnatyh]
dear_imgui-inputs.adb:112:01: (style) horizontal tab not allowed [-gnatyh]
dear_imgui-inputs.adb:113:01: (style) horizontal tab not allowed [-gnatyh]
dear_imgui-inputs.adb:115:01: (style) horizontal tab not allowed [-gnatyh]
dear_imgui-inputs.adb:116:01: (style) horizontal tab not allowed [-gnatyh]
dear_imgui-inputs.adb:118:01: (style) horizontal tab not allowed [-gnatyh]
dear_imgui-inputs.adb:120:01: (style) horizontal tab not allowed [-gnatyh]
dear_imgui-inputs.adb:122:01: (style) horizontal tab not allowed [-gnatyh]
dear_imgui-inputs.adb:123:01: (style) multiple blank lines [-gnatyu]
dear_imgui-inputs.adb:126:01: (style) horizontal tab not allowed [-gnatyh]
dear_imgui-inputs.adb:127:01: (style) horizontal tab not allowed [-gnatyh]
dear_imgui-inputs.adb:128:01: (style) horizontal tab not allowed [-gnatyh]
dear_imgui-inputs.adb:129:01: (style) horizontal tab not allowed [-gnatyh]
dear_imgui-inputs.adb:131:01: (style) horizontal tab not allowed [-gnatyh]
dear_imgui-inputs.adb:132:01: (style) horizontal tab not allowed [-gnatyh]
dear_imgui-inputs.adb:133:01: (style) horizontal tab not allowed [-gnatyh]
dear_imgui-inputs.adb:135:01: (style) horizontal tab not allowed [-gnatyh]
dear_imgui-inputs.adb:136:01: (style) multiple blank lines [-gnatyu]
dear_imgui-inputs.ads:2:01: (style) multiple blank lines [-gnatyu]
dear_imgui-inputs.ads:9:01: (style) multiple blank lines [-gnatyu]
dear_imgui-inputs.ads:13:01: (style) horizontal tab not allowed [-gnatyh]
dear_imgui-inputs.ads:14:01: (style) horizontal tab not allowed [-gnatyh]
dear_imgui-inputs.ads:17:01: (style) multiple blank lines [-gnatyu]
dear_imgui-inputs.ads:20:01: (style) horizontal tab not allowed [-gnatyh]
dear_imgui-inputs.ads:21:01: (style) horizontal tab not allowed [-gnatyh]
dear_imgui-inputs.ads:22:01: (style) multiple blank lines [-gnatyu]
dear_imgui-inputs.ads:25:01: (style) horizontal tab not allowed [-gnatyh]
dear_imgui-inputs.ads:26:01: (style) horizontal tab not allowed [-gnatyh]
dear_imgui-inputs.ads:27:01: (style) horizontal tab not allowed [-gnatyh]
dear_imgui-inputs.ads:28:01: (style) horizontal tab not allowed [-gnatyh]
dear_imgui-inputs.ads:30:01: (style) horizontal tab not allowed [-gnatyh]
dear_imgui-inputs.ads:31:01: (style) horizontal tab not allowed [-gnatyh]
dear_imgui-inputs.ads:32:01: (style) horizontal tab not allowed [-gnatyh]
dear_imgui-inputs.ads:33:01: (style) horizontal tab not allowed [-gnatyh]
dear_imgui-inputs.ads:34:01: (style) horizontal tab not allowed [-gnatyh]
dear_imgui-inputs.ads:35:01: (style) horizontal tab not allowed [-gnatyh]
dear_imgui-inputs.ads:36:01: (style) horizontal tab not allowed [-gnatyh]
dear_imgui-inputs.ads:38:01: (style) horizontal tab not allowed [-gnatyh]
dear_imgui-inputs.ads:39:01: (style) horizontal tab not allowed [-gnatyh]
dear_imgui-inputs.ads:40:01: (style) horizontal tab not allowed [-gnatyh]
dear_imgui-inputs.ads:41:01: (style) horizontal tab not allowed [-gnatyh]
dear_imgui-inputs.ads:42:01: (style) horizontal tab not allowed [-gnatyh]
dear_imgui-inputs.ads:43:01: (style) horizontal tab not allowed [-gnatyh]
dear_imgui-inputs.ads:45:01: (style) horizontal tab not allowed [-gnatyh]
dear_imgui-inputs.ads:46:01: (style) horizontal tab not allowed [-gnatyh]
dear_imgui-inputs.ads:47:01: (style) horizontal tab not allowed [-gnatyh]
dear_imgui-inputs.ads:48:01: (style) horizontal tab not allowed [-gnatyh]
dear_imgui-inputs.ads:49:01: (style) horizontal tab not allowed [-gnatyh]
dear_imgui-inputs.ads:50:01: (style) horizontal tab not allowed [-gnatyh]
dear_imgui-inputs.ads:52:01: (style) horizontal tab not allowed [-gnatyh]
dear_imgui-inputs.ads:53:01: (style) horizontal tab not allowed [-gnatyh]
dear_imgui-inputs.ads:54:01: (style) horizontal tab not allowed [-gnatyh]
dear_imgui-inputs.ads:55:01: (style) horizontal tab not allowed [-gnatyh]
dear_imgui-inputs.ads:56:01: (style) horizontal tab not allowed [-gnatyh]
dear_imgui-inputs.ads:57:01: (style) horizontal tab not allowed [-gnatyh]
dear_imgui-inputs.ads:58:01: (style) horizontal tab not allowed [-gnatyh]
dear_imgui-inputs.ads:60:01: (style) horizontal tab not allowed [-gnatyh]
dear_imgui-inputs.ads:61:01: (style) horizontal tab not allowed [-gnatyh]
dear_imgui-inputs.ads:62:01: (style) horizontal tab not allowed [-gnatyh]
dear_imgui-inputs.ads:63:01: (style) horizontal tab not allowed [-gnatyh]
dear_imgui-inputs.ads:64:01: (style) horizontal tab not allowed [-gnatyh]
dear_imgui-inputs.ads:65:01: (style) horizontal tab not allowed [-gnatyh]
dear_imgui-inputs.ads:67:01: (style) horizontal tab not allowed [-gnatyh]
dear_imgui-inputs.ads:68:01: (style) horizontal tab not allowed [-gnatyh]
dear_imgui-inputs.ads:69:01: (style) horizontal tab not allowed [-gnatyh]
dear_imgui-inputs.ads:70:01: (style) horizontal tab not allowed [-gnatyh]
dear_imgui-inputs.ads:71:01: (style) horizontal tab not allowed [-gnatyh]
dear_imgui-inputs.ads:72:01: (style) horizontal tab not allowed [-gnatyh]
dear_imgui-inputs.ads:73:01: (style) horizontal tab not allowed [-gnatyh]
dear_imgui-inputs.ads:75:01: (style) horizontal tab not allowed [-gnatyh]
dear_imgui-inputs.ads:76:01: (style) horizontal tab not allowed [-gnatyh]
dear_imgui-inputs.ads:77:01: (style) horizontal tab not allowed [-gnatyh]
dear_imgui-inputs.ads:78:01: (style) horizontal tab not allowed [-gnatyh]
dear_imgui-inputs.ads:79:01: (style) horizontal tab not allowed [-gnatyh]
dear_imgui-inputs.ads:80:01: (style) horizontal tab not allowed [-gnatyh]
dear_imgui-inputs.ads:82:01: (style) horizontal tab not allowed [-gnatyh]
dear_imgui-inputs.ads:83:01: (style) horizontal tab not allowed [-gnatyh]
dear_imgui-inputs.ads:84:01: (style) horizontal tab not allowed [-gnatyh]
dear_imgui-inputs.ads:85:01: (style) horizontal tab not allowed [-gnatyh]
dear_imgui-inputs.ads:86:01: (style) horizontal tab not allowed [-gnatyh]
dear_imgui-inputs.ads:87:01: (style) horizontal tab not allowed [-gnatyh]
dear_imgui-inputs.ads:89:01: (style) horizontal tab not allowed [-gnatyh]
dear_imgui-inputs.ads:90:01: (style) horizontal tab not allowed [-gnatyh]
dear_imgui-inputs.ads:91:01: (style) horizontal tab not allowed [-gnatyh]
dear_imgui-inputs.ads:92:01: (style) horizontal tab not allowed [-gnatyh]
dear_imgui-inputs.ads:93:01: (style) horizontal tab not allowed [-gnatyh]
dear_imgui-inputs.ads:94:01: (style) multiple blank lines [-gnatyu]
dear_imgui-inputs.ads:97:01: (style) horizontal tab not allowed [-gnatyh]
dear_imgui-inputs.ads:98:01: (style) horizontal tab not allowed [-gnatyh]
dear_imgui-inputs.ads:99:01: (style) horizontal tab not allowed [-gnatyh]
dear_imgui-inputs.ads:100:01: (style) horizontal tab not allowed [-gnatyh]
dear_imgui-inputs.ads:101:01: (style) horizontal tab not allowed [-gnatyh]
dear_imgui-inputs.ads:102:01: (style) multiple blank lines [-gnatyu]
dear_imgui-inputs.ads:106:01: (style) multiple blank lines [-gnatyu]
dear_imgui-inputs.ads:109:01: (style) horizontal tab not allowed [-gnatyh]
dear_imgui-inputs.ads:110:01: (style) horizontal tab not allowed [-gnatyh]
dear_imgui-inputs.ads:111:01: (style) horizontal tab not allowed [-gnatyh]
dear_imgui-inputs.ads:112:01: (style) horizontal tab not allowed [-gnatyh]
dear_imgui-inputs.ads:113:01: (style) horizontal tab not allowed [-gnatyh]
dear_imgui-inputs.ads:114:01: (style) horizontal tab not allowed [-gnatyh]
dear_imgui-inputs.ads:115:01: (style) horizontal tab not allowed [-gnatyh]
dear_imgui-inputs.ads:117:01: (style) horizontal tab not allowed [-gnatyh]
dear_imgui-inputs.ads:118:01: (style) horizontal tab not allowed [-gnatyh]
dear_imgui-inputs.ads:119:01: (style) horizontal tab not allowed [-gnatyh]
dear_imgui-inputs.ads:120:01: (style) horizontal tab not allowed [-gnatyh]
dear_imgui-inputs.ads:121:01: (style) horizontal tab not allowed [-gnatyh]
dear_imgui-inputs.ads:123:01: (style) horizontal tab not allowed [-gnatyh]
dear_imgui-inputs.ads:124:01: (style) horizontal tab not allowed [-gnatyh]
dear_imgui-inputs.ads:125:01: (style) horizontal tab not allowed [-gnatyh]
dear_imgui-inputs.ads:126:01: (style) horizontal tab not allowed [-gnatyh]
dear_imgui-inputs.ads:127:01: (style) horizontal tab not allowed [-gnatyh]
dear_imgui-inputs.ads:128:01: (style) horizontal tab not allowed [-gnatyh]
dear_imgui-inputs.ads:130:01: (style) horizontal tab not allowed [-gnatyh]
dear_imgui-inputs.ads:131:01: (style) horizontal tab not allowed [-gnatyh]
dear_imgui-inputs.ads:132:01: (style) horizontal tab not allowed [-gnatyh]
dear_imgui-inputs.ads:133:01: (style) horizontal tab not allowed [-gnatyh]
dear_imgui-inputs.ads:134:01: (style) horizontal tab not allowed [-gnatyh]
dear_imgui-inputs.ads:135:01: (style) horizontal tab not allowed [-gnatyh]
dear_imgui-inputs.ads:137:01: (style) horizontal tab not allowed [-gnatyh]
dear_imgui-inputs.ads:138:01: (style) horizontal tab not allowed [-gnatyh]
dear_imgui-inputs.ads:139:01: (style) horizontal tab not allowed [-gnatyh]
dear_imgui-inputs.ads:140:01: (style) horizontal tab not allowed [-gnatyh]
dear_imgui-inputs.ads:141:01: (style) horizontal tab not allowed [-gnatyh]
dear_imgui-inputs.ads:143:01: (style) horizontal tab not allowed [-gnatyh]
dear_imgui-inputs.ads:144:01: (style) horizontal tab not allowed [-gnatyh]
dear_imgui-inputs.ads:145:01: (style) horizontal tab not allowed [-gnatyh]
dear_imgui-inputs.ads:146:01: (style) horizontal tab not allowed [-gnatyh]
dear_imgui-inputs.ads:147:01: (style) horizontal tab not allowed [-gnatyh]
dear_imgui-inputs.ads:149:01: (style) horizontal tab not allowed [-gnatyh]
dear_imgui-inputs.ads:150:01: (style) horizontal tab not allowed [-gnatyh]
dear_imgui-inputs.ads:151:01: (style) horizontal tab not allowed [-gnatyh]
dear_imgui-inputs.ads:152:01: (style) multiple blank lines [-gnatyu]
