dear_imgui-contexts.adb:2:01: (style) multiple blank lines [-gnatyu]
dear_imgui-contexts.adb:8:01: (style) multiple blank lines [-gnatyu]
dear_imgui-contexts.adb:11:01: (style) horizontal tab not allowed [-gnatyh]
dear_imgui-contexts.adb:12:01: (style) horizontal tab not allowed [-gnatyh]
dear_imgui-contexts.adb:13:01: (style) horizontal tab not allowed [-gnatyh]
dear_imgui-contexts.adb:14:01: (style) horizontal tab not allowed [-gnatyh]
dear_imgui-contexts.adb:15:01: (style) horizontal tab not allowed [-gnatyh]
dear_imgui-contexts.adb:16:01: (style) horizontal tab not allowed [-gnatyh]
dear_imgui-contexts.adb:18:01: (style) horizontal tab not allowed [-gnatyh]
dear_imgui-contexts.adb:19:01: (style) horizontal tab not allowed [-gnatyh]
dear_imgui-contexts.adb:20:01: (style) horizontal tab not allowed [-gnatyh]
dear_imgui-contexts.adb:22:01: (style) horizontal tab not allowed [-gnatyh]
dear_imgui-contexts.adb:24:01: (style) horizontal tab not allowed [-gnatyh]
dear_imgui-contexts.adb:25:01: (style) horizontal tab not allowed [-gnatyh]
dear_imgui-contexts.adb:26:01: (style) horizontal tab not allowed [-gnatyh]
dear_imgui-contexts.adb:28:01: (style) horizontal tab not allowed [-gnatyh]
dear_imgui-contexts.adb:30:01: (style) horizontal tab not allowed [-gnatyh]
dear_imgui-contexts.adb:31:01: (style) multiple blank lines [-gnatyu]
dear_imgui-contexts.adb:34:01: (style) horizontal tab not allowed [-gnatyh]
dear_imgui-contexts.adb:35:01: (style) horizontal tab not allowed [-gnatyh]
dear_imgui-contexts.adb:36:01: (style) horizontal tab not allowed [-gnatyh]
dear_imgui-contexts.adb:37:01: (style) horizontal tab not allowed [-gnatyh]
dear_imgui-contexts.adb:39:01: (style) horizontal tab not allowed [-gnatyh]
dear_imgui-contexts.adb:40:01: (style) horizontal tab not allowed [-gnatyh]
dear_imgui-contexts.adb:41:01: (style) horizontal tab not allowed [-gnatyh]
dear_imgui-contexts.adb:43:01: (style) horizontal tab not allowed [-gnatyh]
dear_imgui-contexts.adb:45:01: (style) horizontal tab not allowed [-gnatyh]
dear_imgui-contexts.adb:47:01: (style) horizontal tab not allowed [-gnatyh]
dear_imgui-contexts.adb:48:01: (style) horizontal tab not allowed [-gnatyh]
dear_imgui-contexts.adb:49:01: (style) horizontal tab not allowed [-gnatyh]
dear_imgui-contexts.adb:51:01: (style) horizontal tab not allowed [-gnatyh]
dear_imgui-contexts.adb:53:01: (style) horizontal tab not allowed [-gnatyh]
dear_imgui-contexts.adb:55:01: (style) horizontal tab not allowed [-gnatyh]
dear_imgui-contexts.adb:56:01: (style) horizontal tab not allowed [-gnatyh]
dear_imgui-contexts.adb:57:01: (style) horizontal tab not allowed [-gnatyh]
dear_imgui-contexts.adb:59:01: (style) horizontal tab not allowed [-gnatyh]
dear_imgui-contexts.adb:61:01: (style) horizontal tab not allowed [-gnatyh]
dear_imgui-contexts.adb:63:01: (style) horizontal tab not allowed [-gnatyh]
dear_imgui-contexts.adb:64:01: (style) horizontal tab not allowed [-gnatyh]
dear_imgui-contexts.adb:65:01: (style) horizontal tab not allowed [-gnatyh]
dear_imgui-contexts.adb:67:01: (style) horizontal tab not allowed [-gnatyh]
dear_imgui-contexts.adb:68:01: (style) horizontal tab not allowed [-gnatyh]
dear_imgui-contexts.adb:69:01: (style) horizontal tab not allowed [-gnatyh]
dear_imgui-contexts.adb:71:01: (style) horizontal tab not allowed [-gnatyh]
dear_imgui-contexts.adb:73:01: (style) horizontal tab not allowed [-gnatyh]
dear_imgui-contexts.adb:75:01: (style) horizontal tab not allowed [-gnatyh]
dear_imgui-contexts.adb:76:01: (style) multiple blank lines [-gnatyu]
dear_imgui-contexts.ads:2:01: (style) multiple blank lines [-gnatyu]
dear_imgui-contexts.ads:9:01: (style) multiple blank lines [-gnatyu]
dear_imgui-contexts.ads:13:01: (style) horizontal tab not allowed [-gnatyh]
dear_imgui-contexts.ads:14:01: (style) horizontal tab not allowed [-gnatyh]
dear_imgui-contexts.ads:15:01: (style) horizontal tab not allowed [-gnatyh]
dear_imgui-contexts.ads:18:01: (style) multiple blank lines [-gnatyu]
dear_imgui-contexts.ads:21:07: (style) space required [-gnatyc]
dear_imgui-contexts.ads:22:01: (style) horizontal tab not allowed [-gnatyh]
dear_imgui-contexts.ads:24:01: (style) horizontal tab not allowed [-gnatyh]
dear_imgui-contexts.ads:25:01: (style) horizontal tab not allowed [-gnatyh]
dear_imgui-contexts.ads:26:01: (style) horizontal tab not allowed [-gnatyh]
dear_imgui-contexts.ads:27:01: (style) horizontal tab not allowed [-gnatyh]
dear_imgui-contexts.ads:28:01: (style) horizontal tab not allowed [-gnatyh]
dear_imgui-contexts.ads:29:01: (style) horizontal tab not allowed [-gnatyh]
dear_imgui-contexts.ads:31:01: (style) horizontal tab not allowed [-gnatyh]
dear_imgui-contexts.ads:32:01: (style) horizontal tab not allowed [-gnatyh]
dear_imgui-contexts.ads:33:01: (style) horizontal tab not allowed [-gnatyh]
dear_imgui-contexts.ads:34:01: (style) horizontal tab not allowed [-gnatyh]
dear_imgui-contexts.ads:35:01: (style) horizontal tab not allowed [-gnatyh]
dear_imgui-contexts.ads:36:01: (style) multiple blank lines [-gnatyu]
dear_imgui-contexts.ads:39:01: (style) horizontal tab not allowed [-gnatyh]
dear_imgui-contexts.ads:40:01: (style) horizontal tab not allowed [-gnatyh]
dear_imgui-contexts.ads:41:01: (style) horizontal tab not allowed [-gnatyh]
dear_imgui-contexts.ads:42:01: (style) horizontal tab not allowed [-gnatyh]
dear_imgui-contexts.ads:43:01: (style) horizontal tab not allowed [-gnatyh]
dear_imgui-contexts.ads:44:01: (style) horizontal tab not allowed [-gnatyh]
dear_imgui-contexts.ads:45:01: (style) horizontal tab not allowed [-gnatyh]
dear_imgui-contexts.ads:47:01: (style) horizontal tab not allowed [-gnatyh]
dear_imgui-contexts.ads:48:01: (style) horizontal tab not allowed [-gnatyh]
dear_imgui-contexts.ads:49:01: (style) horizontal tab not allowed [-gnatyh]
dear_imgui-contexts.ads:50:01: (style) horizontal tab not allowed [-gnatyh]
dear_imgui-contexts.ads:51:01: (style) horizontal tab not allowed [-gnatyh]
dear_imgui-contexts.ads:52:01: (style) horizontal tab not allowed [-gnatyh]
dear_imgui-contexts.ads:54:01: (style) horizontal tab not allowed [-gnatyh]
dear_imgui-contexts.ads:55:01: (style) horizontal tab not allowed [-gnatyh]
dear_imgui-contexts.ads:56:01: (style) horizontal tab not allowed [-gnatyh]
dear_imgui-contexts.ads:57:01: (style) horizontal tab not allowed [-gnatyh]
dear_imgui-contexts.ads:58:01: (style) horizontal tab not allowed [-gnatyh]
dear_imgui-contexts.ads:59:01: (style) horizontal tab not allowed [-gnatyh]
dear_imgui-contexts.ads:61:01: (style) horizontal tab not allowed [-gnatyh]
dear_imgui-contexts.ads:62:01: (style) horizontal tab not allowed [-gnatyh]
dear_imgui-contexts.ads:63:01: (style) horizontal tab not allowed [-gnatyh]
dear_imgui-contexts.ads:64:01: (style) horizontal tab not allowed [-gnatyh]
dear_imgui-contexts.ads:65:01: (style) horizontal tab not allowed [-gnatyh]
dear_imgui-contexts.ads:66:01: (style) horizontal tab not allowed [-gnatyh]
dear_imgui-contexts.ads:67:01: (style) horizontal tab not allowed [-gnatyh]
dear_imgui-contexts.ads:68:01: (style) multiple blank lines [-gnatyu]
dear_imgui-contexts.ads:72:01: (style) multiple blank lines [-gnatyu]
dear_imgui-contexts.ads:75:01: (style) horizontal tab not allowed [-gnatyh]
dear_imgui-contexts.ads:76:01: (style) horizontal tab not allowed [-gnatyh]
dear_imgui-contexts.ads:77:01: (style) horizontal tab not allowed [-gnatyh]
dear_imgui-contexts.ads:78:01: (style) horizontal tab not allowed [-gnatyh]
dear_imgui-contexts.ads:79:01: (style) multiple blank lines [-gnatyu]
dear_imgui-contexts.ads:82:01: (style) horizontal tab not allowed [-gnatyh]
dear_imgui-contexts.ads:83:01: (style) horizontal tab not allowed [-gnatyh]
dear_imgui-contexts.ads:84:01: (style) horizontal tab not allowed [-gnatyh]
dear_imgui-contexts.ads:85:01: (style) horizontal tab not allowed [-gnatyh]
dear_imgui-contexts.ads:87:01: (style) horizontal tab not allowed [-gnatyh]
dear_imgui-contexts.ads:88:01: (style) horizontal tab not allowed [-gnatyh]
dear_imgui-contexts.ads:89:01: (style) horizontal tab not allowed [-gnatyh]
dear_imgui-contexts.ads:90:01: (style) multiple blank lines [-gnatyu]
dear_imgui-contexts.ads:93:01: (style) horizontal tab not allowed [-gnatyh]
dear_imgui-contexts.ads:94:01: (style) horizontal tab not allowed [-gnatyh]
dear_imgui-contexts.ads:95:01: (style) multiple blank lines [-gnatyu]
